[23сент.2026 19:27:12.880] [main/INFO] [cpw.mods.modlauncher.Launcher/MODLAUNCHER]: ModLauncher running: args [--launchTarget, forgeserverdev, --gameDir, ., --fml.fmlVersion, 4.0.43, --fml.mcVersion, 1.21.1, --fml.neoForgeVersion, 21.1.248, --fml.neoFormVersion, 20240808.144430, --nogui]
[23сент.2026 19:27:12.882] [main/INFO] [cpw.mods.modlauncher.Launcher/MODLAUNCHER]: JVM identified as Oracle Corporation Java HotSpot(TM) 64-Bit Server VM 21.0.10+8-LTS-217
[23сент.2026 19:27:12.883] [main/INFO] [cpw.mods.modlauncher.Launcher/MODLAUNCHER]: ModLauncher 11.0.5+main.901c6ea8 starting: java version 21.0.10 by Oracle Corporation; OS Mac OS X arch aarch64 version 26.5.2
[23сент.2026 19:27:12.896] [main/DEBUG] [cpw.mods.modlauncher.LaunchServiceHandler/MODLAUNCHER]: Found launch services [minecraft,forgeclient,forgedatauserdev,testharness,forgeserverdev,forgeserveruserdev,forgejunitdev,forgeclientdev,forgeclientuserdev,forgeserver,forgejunituserdev,forgedatadev]
[23сент.2026 19:27:12.910] [main/DEBUG] [cpw.mods.modlauncher.LaunchPluginHandler/MODLAUNCHER]: Found launch plugins: [mixin,slf4jfixer,runtime_enum_extender,accesstransformer,runtimedistcleaner]
[23сент.2026 19:27:12.916] [main/DEBUG] [cpw.mods.modlauncher.TransformationServicesHandler/MODLAUNCHER]: Discovering transformation services
[23сент.2026 19:27:12.921] [main/DEBUG] [net.neoforged.fml.loading.FMLPaths/CORE]: Path GAMEDIR is /Users/poligorn/Проекты/ASI Project/Minecraft Mods/Eve Portal Nether/run
[23сент.2026 19:27:12.922] [main/DEBUG] [net.neoforged.fml.loading.FMLPaths/CORE]: Path MODSDIR is /Users/poligorn/Проекты/ASI Project/Minecraft Mods/Eve Portal Nether/run/mods
[23сент.2026 19:27:12.922] [main/DEBUG] [net.neoforged.fml.loading.FMLPaths/CORE]: Path CONFIGDIR is /Users/poligorn/Проекты/ASI Project/Minecraft Mods/Eve Portal Nether/run/config
[23сент.2026 19:27:12.922] [main/DEBUG] [net.neoforged.fml.loading.FMLPaths/CORE]: Path FMLCONFIG is /Users/poligorn/Проекты/ASI Project/Minecraft Mods/Eve Portal Nether/run/config/fml.toml
[23сент.2026 19:27:12.945] [main/DEBUG] [net.neoforged.fml.loading.targets.CommonLaunchHandler/CORE]: Got mod coordinates eveportalnether%%/Users/poligorn/Проекты/ASI Project/Minecraft Mods/Eve Portal Nether/build/classes/java/main:eveportalnether%%/Users/poligorn/Проекты/ASI Project/Minecraft Mods/Eve Portal Nether/build/resources/main from env
[23сент.2026 19:27:12.946] [main/DEBUG] [net.neoforged.fml.loading.targets.CommonLaunchHandler/CORE]: Found supplied mod coordinates [{eveportalnether=[/Users/poligorn/Проекты/ASI Project/Minecraft Mods/Eve Portal Nether/build/classes/java/main, /Users/poligorn/Проекты/ASI Project/Minecraft Mods/Eve Portal Nether/build/resources/main]}]
[23сент.2026 19:27:12.947] [main/DEBUG] [cpw.mods.modlauncher.TransformationServicesHandler/MODLAUNCHER]: Found additional transformation services from discovery services: 
[23сент.2026 19:27:12.953] [main/INFO] [net.neoforged.fml.loading.ImmediateWindowHandler/]: ImmediateWindowProvider not loading because launch target is forgeserverdev
[23сент.2026 19:27:12.958] [main/DEBUG] [cpw.mods.modlauncher.TransformationServicesHandler/MODLAUNCHER]: Found transformer services : [mixin,fml]
[23сент.2026 19:27:12.958] [main/DEBUG] [cpw.mods.modlauncher.TransformationServicesHandler/MODLAUNCHER]: Transformation services loading
[23сент.2026 19:27:12.959] [main/DEBUG] [cpw.mods.modlauncher.TransformationServiceDecorator/MODLAUNCHER]: Loading service mixin
[23сент.2026 19:27:12.959] [main/DEBUG] [cpw.mods.modlauncher.TransformationServiceDecorator/MODLAUNCHER]: Loaded service mixin
[23сент.2026 19:27:12.959] [main/DEBUG] [cpw.mods.modlauncher.TransformationServiceDecorator/MODLAUNCHER]: Loading service fml
[23сент.2026 19:27:12.960] [main/DEBUG] [net.neoforged.fml.loading.FMLLoader/CORE]: FML 4.0.43 loading
[23сент.2026 19:27:12.960] [main/DEBUG] [net.neoforged.fml.loading.FMLLoader/CORE]: FML found ModLauncher version : 11.0.5+main.901c6ea8
[23сент.2026 19:27:12.960] [main/DEBUG] [net.neoforged.fml.loading.FMLLoader/CORE]: FML found AccessTransformer version : 10.0.1+139da711
[23сент.2026 19:27:12.960] [main/DEBUG] [net.neoforged.fml.loading.FMLLoader/CORE]: FML found EventBus version : null
[23сент.2026 19:27:12.961] [main/DEBUG] [net.neoforged.fml.loading.FMLLoader/CORE]: Found Runtime Dist Cleaner
[23сент.2026 19:27:12.961] [main/DEBUG] [cpw.mods.modlauncher.TransformationServiceDecorator/MODLAUNCHER]: Loaded service fml
[23сент.2026 19:27:12.961] [main/DEBUG] [cpw.mods.modlauncher.TransformationServicesHandler/MODLAUNCHER]: Configuring option handling for services
[23сент.2026 19:27:12.969] [main/DEBUG] [net.neoforged.fml.loading.FMLServiceProvider/CORE]: Received command line version data  : VersionInfo[neoForgeVersion=21.1.248, fmlVersion=4.0.43, mcVersion=1.21.1, neoFormVersion=20240808.144430]
[23сент.2026 19:27:12.970] [main/DEBUG] [cpw.mods.modlauncher.TransformationServicesHandler/MODLAUNCHER]: Transformation services initializing
[23сент.2026 19:27:12.970] [main/DEBUG] [cpw.mods.modlauncher.TransformationServiceDecorator/MODLAUNCHER]: Initializing transformation service mixin
[23сент.2026 19:27:12.980] [main/DEBUG] [mixin/]: MixinService [ModLauncher] was successfully booted in cpw.mods.cl.ModuleClassLoader@711f39f9
[23сент.2026 19:27:12.990] [main/INFO] [mixin/]: SpongePowered MIXIN Subsystem Version=0.8.7 Source=union:/private/var/folders/78/5mcrjnn10f17p27bb8wgpsgr0000gn/T/cursor-sandbox-cache/6d73cf3c4f6cca4ebe119c61060e3a62/gradle/caches/modules-2/files-2.1/net.fabricmc/sponge-mixin/0.15.2+mixin.0.8.7/2af2f021d8e02a0220dc27a7a72b4666d66d44ca/sponge-mixin-0.15.2+mixin.0.8.7.jar%2394!/ Service=ModLauncher Env=SERVER
[23сент.2026 19:27:12.992] [main/DEBUG] [mixin/]: Initialising Mixin Platform Manager
[23сент.2026 19:27:12.993] [main/DEBUG] [mixin/]: Adding mixin platform agents for container ModLauncher Root Container(ModLauncher:4f56a0a2)
[23сент.2026 19:27:12.993] [main/DEBUG] [mixin/]: Instancing new MixinPlatformAgentMinecraftForge for ModLauncher Root Container(ModLauncher:4f56a0a2)
[23сент.2026 19:27:12.993] [main/DEBUG] [mixin/]: MixinPlatformAgentMinecraftForge rejected container ModLauncher Root Container(ModLauncher:4f56a0a2)
[23сент.2026 19:27:12.994] [main/DEBUG] [mixin/]: Instancing new MixinPlatformAgentDefault for ModLauncher Root Container(ModLauncher:4f56a0a2)
[23сент.2026 19:27:12.994] [main/DEBUG] [mixin/]: MixinPlatformAgentDefault accepted container ModLauncher Root Container(ModLauncher:4f56a0a2)
[23сент.2026 19:27:12.995] [main/DEBUG] [cpw.mods.modlauncher.TransformationServiceDecorator/MODLAUNCHER]: Initialized transformation service mixin
[23сент.2026 19:27:12.995] [main/DEBUG] [cpw.mods.modlauncher.TransformationServiceDecorator/MODLAUNCHER]: Initializing transformation service fml
[23сент.2026 19:27:12.995] [main/DEBUG] [net.neoforged.fml.loading.FMLServiceProvider/CORE]: Setting up basic FML game directories
[23сент.2026 19:27:12.996] [main/DEBUG] [net.neoforged.fml.loading.FMLPaths/CORE]: Path GAMEDIR is /Users/poligorn/Проекты/ASI Project/Minecraft Mods/Eve Portal Nether/run
[23сент.2026 19:27:12.996] [main/DEBUG] [net.neoforged.fml.loading.FMLPaths/CORE]: Path MODSDIR is /Users/poligorn/Проекты/ASI Project/Minecraft Mods/Eve Portal Nether/run/mods
[23сент.2026 19:27:12.996] [main/DEBUG] [net.neoforged.fml.loading.FMLPaths/CORE]: Path CONFIGDIR is /Users/poligorn/Проекты/ASI Project/Minecraft Mods/Eve Portal Nether/run/config
[23сент.2026 19:27:12.996] [main/DEBUG] [net.neoforged.fml.loading.FMLPaths/CORE]: Path FMLCONFIG is /Users/poligorn/Проекты/ASI Project/Minecraft Mods/Eve Portal Nether/run/config/fml.toml
[23сент.2026 19:27:12.996] [main/DEBUG] [net.neoforged.fml.loading.FMLServiceProvider/CORE]: Loading configuration
[23сент.2026 19:27:13.003] [main/DEBUG] [net.neoforged.fml.loading.FMLServiceProvider/CORE]: Preparing launch handler
[23сент.2026 19:27:13.004] [main/DEBUG] [net.neoforged.fml.loading.FMLLoader/CORE]: Using forgeserverdev as launch service
[23сент.2026 19:27:13.005] [main/DEBUG] [cpw.mods.modlauncher.TransformationServiceDecorator/MODLAUNCHER]: Initialized transformation service fml
[23сент.2026 19:27:13.006] [main/DEBUG] [cpw.mods.modlauncher.TransformationServicesHandler/MODLAUNCHER]: Transformation services begin scanning
[23сент.2026 19:27:13.006] [main/DEBUG] [cpw.mods.modlauncher.TransformationServiceDecorator/MODLAUNCHER]: Beginning scan trigger - transformation service mixin
[23сент.2026 19:27:13.006] [main/DEBUG] [cpw.mods.modlauncher.TransformationServiceDecorator/MODLAUNCHER]: End scan trigger - transformation service mixin
[23сент.2026 19:27:13.006] [main/DEBUG] [cpw.mods.modlauncher.TransformationServiceDecorator/MODLAUNCHER]: Beginning scan trigger - transformation service fml
[23сент.2026 19:27:13.006] [main/DEBUG] [net.neoforged.fml.loading.FMLServiceProvider/CORE]: Initiating mod scan
[23сент.2026 19:27:13.007] [main/DEBUG] [net.neoforged.fml.loading.targets.CommonLaunchHandler/CORE]: Got mod coordinates eveportalnether%%/Users/poligorn/Проекты/ASI Project/Minecraft Mods/Eve Portal Nether/build/classes/java/main:eveportalnether%%/Users/poligorn/Проекты/ASI Project/Minecraft Mods/Eve Portal Nether/build/resources/main from env
[23сент.2026 19:27:13.007] [main/DEBUG] [net.neoforged.fml.loading.targets.CommonLaunchHandler/CORE]: Found supplied mod coordinates [{eveportalnether=[/Users/poligorn/Проекты/ASI Project/Minecraft Mods/Eve Portal Nether/build/classes/java/main, /Users/poligorn/Проекты/ASI Project/Minecraft Mods/Eve Portal Nether/build/resources/main]}]
[23сент.2026 19:27:13.008] [main/DEBUG] [net.neoforged.fml.loading.targets.CommonDevLaunchHandler/]: Launching with NeoForge from /Users/poligorn/Проекты/ASI Project/Minecraft Mods/Eve Portal Nether/build/moddev/artifacts/neoforge-21.1.248.jar
[23сент.2026 19:27:13.019] [main/DEBUG] [net.neoforged.fml.util.ServiceLoaderUtil/CORE]: Found 4 implementations of IModFileCandidateLocator:
[23сент.2026 19:27:13.019] [main/DEBUG] [net.neoforged.fml.util.ServiceLoaderUtil/CORE]: 	       0 - [built-in] net.neoforged.fml.loading.moddiscovery.locators.NeoForgeDevProvider from loader-4.0.43.jar
[23сент.2026 19:27:13.020] [main/DEBUG] [net.neoforged.fml.util.ServiceLoaderUtil/CORE]: 	       0 - net.neoforged.fml.loading.moddiscovery.locators.ModsFolderLocator from loader-4.0.43.jar
[23сент.2026 19:27:13.020] [main/DEBUG] [net.neoforged.fml.util.ServiceLoaderUtil/CORE]: 	       0 - net.neoforged.fml.loading.moddiscovery.locators.MavenDirectoryLocator from loader-4.0.43.jar
[23сент.2026 19:27:13.020] [main/DEBUG] [net.neoforged.fml.util.ServiceLoaderUtil/CORE]: 	   -1000 - [built-in] net.neoforged.fml.loading.moddiscovery.locators.UserdevLocator from loader-4.0.43.jar
[23сент.2026 19:27:13.021] [main/DEBUG] [net.neoforged.fml.util.ServiceLoaderUtil/CORE]: Found 2 implementations of IModFileReader:
[23сент.2026 19:27:13.021] [main/DEBUG] [net.neoforged.fml.util.ServiceLoaderUtil/CORE]: 	       0 - net.neoforged.fml.loading.moddiscovery.readers.JarModsDotTomlModFileReader from loader-4.0.43.jar
[23сент.2026 19:27:13.021] [main/DEBUG] [net.neoforged.fml.util.ServiceLoaderUtil/CORE]: 	   -1000 - net.neoforged.fml.loading.moddiscovery.readers.NestedLibraryModReader from loader-4.0.43.jar
[23сент.2026 19:27:13.022] [main/DEBUG] [net.neoforged.fml.util.ServiceLoaderUtil/CORE]: Found 1 implementations of IDependencyLocator:
[23сент.2026 19:27:13.022] [main/DEBUG] [net.neoforged.fml.util.ServiceLoaderUtil/CORE]: 	       0 - net.neoforged.fml.loading.moddiscovery.locators.JarInJarDependencyLocator from loader-4.0.43.jar
[23сент.2026 19:27:13.057] [main/DEBUG] [net.neoforged.fml.loading.moddiscovery.ModFileInfo/LOADING]: Found valid mod file neoforge-21.1.248.jar with {minecraft} mods - versions {1.21.1}
[23сент.2026 19:27:13.061] [main/DEBUG] [net.neoforged.fml.loading.moddiscovery.ModFileParser/LOADING]: Considering mod file candidate /Users/poligorn/Проекты/ASI Project/Minecraft Mods/Eve Portal Nether/build/moddev/artifacts/neoforge-21.1.248.jar
[23сент.2026 19:27:13.073] [main/DEBUG] [net.neoforged.fml.loading.moddiscovery.ModFileInfo/LOADING]: Found valid mod file neoforge-21.1.248.jar with {neoforge} mods - versions {21.1.248}
[23сент.2026 19:27:13.075] [main/DEBUG] [net.neoforged.fml.loading.moddiscovery.ModListHandler/CORE]: Found mod coordinates from lists: []
[23сент.2026 19:27:13.077] [main/DEBUG] [net.neoforged.fml.loading.moddiscovery.ModFileParser/LOADING]: Considering mod file candidate /Users/poligorn/Проекты/ASI Project/Minecraft Mods/Eve Portal Nether/build/classes/java/main
[23сент.2026 19:27:13.081] [main/DEBUG] [net.neoforged.fml.loading.moddiscovery.ModFileInfo/LOADING]: Found valid mod file main with {eveportalnether} mods - versions {1.0.0}
[23сент.2026 19:27:13.088] [main/DEBUG] [net.neoforged.fml.loading.moddiscovery.ModFileParser/LOADING]: Considering mod file candidate /Users/poligorn/Проекты/ASI Project/Minecraft Mods/Eve Portal Nether/build/moddev/artifacts/neoforge-21.1.248.jar
[23сент.2026 19:27:13.089] [main/DEBUG] [net.neoforged.fml.loading.moddiscovery.ModFileInfo/LOADING]: Found valid mod file neoforge-21.1.248.jar with {neoforge} mods - versions {21.1.248}
[23сент.2026 19:27:13.093] [main/DEBUG] [net.neoforged.fml.loading.moddiscovery.ModDiscoverer/]: Skipping /private/var/folders/78/5mcrjnn10f17p27bb8wgpsgr0000gn/T/cursor-sandbox-cache/6d73cf3c4f6cca4ebe119c61060e3a62/gradle/caches/modules-2/files-2.1/net.neoforged.fancymodloader/earlydisplay/4.0.43/3a941fcf258b5a7dde0445377a7206a55d11630d/earlydisplay-4.0.43.jar because it was already located earlier
[23сент.2026 19:27:13.093] [main/DEBUG] [net.neoforged.fml.loading.moddiscovery.ModDiscoverer/]: Skipping /private/var/folders/78/5mcrjnn10f17p27bb8wgpsgr0000gn/T/cursor-sandbox-cache/6d73cf3c4f6cca4ebe119c61060e3a62/gradle/caches/modules-2/files-2.1/net.neoforged.fancymodloader/loader/4.0.43/fb10b7bf2f568a9676ad8b426b19c23badbbd98a/loader-4.0.43.jar because it was already located earlier
[23сент.2026 19:27:13.093] [main/DEBUG] [net.neoforged.fml.loading.moddiscovery.ModDiscoverer/]: Skipping /private/var/folders/78/5mcrjnn10f17p27bb8wgpsgr0000gn/T/cursor-sandbox-cache/6d73cf3c4f6cca4ebe119c61060e3a62/gradle/caches/modules-2/files-2.1/net.neoforged.accesstransformers/at-modlauncher/10.0.1/5aba50202aceead086bc09fbc2751c9f05cb4890/at-modlauncher-10.0.1.jar because it was already located earlier
[23сент.2026 19:27:13.093] [main/DEBUG] [net.neoforged.fml.loading.moddiscovery.ModDiscoverer/]: Skipping /private/var/folders/78/5mcrjnn10f17p27bb8wgpsgr0000gn/T/cursor-sandbox-cache/6d73cf3c4f6cca4ebe119c61060e3a62/gradle/caches/modules-2/files-2.1/net.neoforged/accesstransformers/10.0.1/fd83b5725f76eae9115e9355fa1c456a6a441400/accesstransformers-10.0.1.jar because it was already located earlier
[23сент.2026 19:27:13.093] [main/DEBUG] [net.neoforged.fml.loading.moddiscovery.ModDiscoverer/]: Skipping /private/var/folders/78/5mcrjnn10f17p27bb8wgpsgr0000gn/T/cursor-sandbox-cache/6d73cf3c4f6cca4ebe119c61060e3a62/gradle/caches/modules-2/files-2.1/net.neoforged/bus/8.0.5/5b2d33285ab5d1554e9798ad98c40d6ea3868bd5/bus-8.0.5.jar because it was already located earlier
[23сент.2026 19:27:13.093] [main/DEBUG] [net.neoforged.fml.loading.moddiscovery.ModDiscoverer/]: Skipping /private/var/folders/78/5mcrjnn10f17p27bb8wgpsgr0000gn/T/cursor-sandbox-cache/6d73cf3c4f6cca4ebe119c61060e3a62/gradle/caches/modules-2/files-2.1/net.neoforged/coremods/7.0.3/9147e6f638b4272b3bd5fc8f92ad37802512c6c/coremods-7.0.3.jar because it was already located earlier
[23сент.2026 19:27:13.093] [main/DEBUG] [net.neoforged.fml.loading.moddiscovery.ModDiscoverer/]: Skipping /private/var/folders/78/5mcrjnn10f17p27bb8wgpsgr0000gn/T/cursor-sandbox-cache/6d73cf3c4f6cca4ebe119c61060e3a62/gradle/caches/modules-2/files-2.1/cpw.mods/modlauncher/11.0.5/b8f0d49294f733fdb6173931b263553e943dc950/modlauncher-11.0.5.jar because it was already located earlier
[23сент.2026 19:27:13.093] [main/DEBUG] [net.neoforged.fml.loading.moddiscovery.ModDiscoverer/]: Skipping /private/var/folders/78/5mcrjnn10f17p27bb8wgpsgr0000gn/T/cursor-sandbox-cache/6d73cf3c4f6cca4ebe119c61060e3a62/gradle/caches/modules-2/files-2.1/net.neoforged/mergetool/2.0.0/52fe1949be64e3303aabaaa21e315f551db9c9f4/mergetool-2.0.0-api.jar because it was already located earlier
[23сент.2026 19:27:13.093] [main/DEBUG] [net.neoforged.fml.loading.moddiscovery.ModDiscoverer/]: Skipping /private/var/folders/78/5mcrjnn10f17p27bb8wgpsgr0000gn/T/cursor-sandbox-cache/6d73cf3c4f6cca4ebe119c61060e3a62/gradle/caches/modules-2/files-2.1/com.electronwill.night-config/toml/3.8.3/90b2fd6efcb4a7d5b9810cf78f9d824994d717f2/toml-3.8.3.jar because it was already located earlier
[23сент.2026 19:27:13.094] [main/DEBUG] [net.neoforged.fml.loading.moddiscovery.ModDiscoverer/]: Skipping /private/var/folders/78/5mcrjnn10f17p27bb8wgpsgr0000gn/T/cursor-sandbox-cache/6d73cf3c4f6cca4ebe119c61060e3a62/gradle/caches/modules-2/files-2.1/com.electronwill.night-config/core/3.8.3/b442a95f09e349927f5a945ecb594455870fcf4f/core-3.8.3.jar because it was already located earlier
[23сент.2026 19:27:13.094] [main/DEBUG] [net.neoforged.fml.loading.moddiscovery.ModDiscoverer/]: Skipping /private/var/folders/78/5mcrjnn10f17p27bb8wgpsgr0000gn/T/cursor-sandbox-cache/6d73cf3c4f6cca4ebe119c61060e3a62/gradle/caches/modules-2/files-2.1/net.neoforged/JarJarSelector/0.4.1/fb3cc7a58af22ad2880adb98af6d518128c47dae/JarJarSelector-0.4.1.jar because it was already located earlier
[23сент.2026 19:27:13.094] [main/DEBUG] [net.neoforged.fml.loading.moddiscovery.ModDiscoverer/]: Skipping /private/var/folders/78/5mcrjnn10f17p27bb8wgpsgr0000gn/T/cursor-sandbox-cache/6d73cf3c4f6cca4ebe119c61060e3a62/gradle/caches/modules-2/files-2.1/net.neoforged/JarJarMetadata/0.4.1/f8da03683dc81694556dc3e177c5e3bb77ae6fcb/JarJarMetadata-0.4.1.jar because it was already located earlier
[23сент.2026 19:27:13.094] [main/DEBUG] [net.neoforged.fml.loading.moddiscovery.ModDiscoverer/]: Skipping /private/var/folders/78/5mcrjnn10f17p27bb8wgpsgr0000gn/T/cursor-sandbox-cache/6d73cf3c4f6cca4ebe119c61060e3a62/gradle/caches/modules-2/files-2.1/org.apache.maven/maven-artifact/3.8.5/4433f50c07debefaed0553bd0068f4f48d449313/maven-artifact-3.8.5.jar because it was already located earlier
[23сент.2026 19:27:13.094] [main/DEBUG] [net.neoforged.fml.loading.moddiscovery.ModDiscoverer/]: Skipping /private/var/folders/78/5mcrjnn10f17p27bb8wgpsgr0000gn/T/cursor-sandbox-cache/6d73cf3c4f6cca4ebe119c61060e3a62/gradle/caches/modules-2/files-2.1/net.jodah/typetools/0.6.3/a01aaa6ddaea9ec07ec4f209487b7a46a526283a/typetools-0.6.3.jar because it was already located earlier
[23сент.2026 19:27:13.094] [main/DEBUG] [net.neoforged.fml.loading.moddiscovery.ModDiscoverer/]: Skipping /private/var/folders/78/5mcrjnn10f17p27bb8wgpsgr0000gn/T/cursor-sandbox-cache/6d73cf3c4f6cca4ebe119c61060e3a62/gradle/caches/modules-2/files-2.1/net.minecrell/terminalconsoleappender/1.3.0/b562e9bb61235c9520e26282cdee71f8f802d1fc/terminalconsoleappender-1.3.0.jar because it was already located earlier
[23сент.2026 19:27:13.094] [main/DEBUG] [net.neoforged.fml.loading.moddiscovery.ModDiscoverer/]: Skipping /private/var/folders/78/5mcrjnn10f17p27bb8wgpsgr0000gn/T/cursor-sandbox-cache/6d73cf3c4f6cca4ebe119c61060e3a62/gradle/caches/modules-2/files-2.1/net.fabricmc/sponge-mixin/0.15.2+mixin.0.8.7/2af2f021d8e02a0220dc27a7a72b4666d66d44ca/sponge-mixin-0.15.2+mixin.0.8.7.jar because it was already located earlier
[23сент.2026 19:27:13.094] [main/DEBUG] [net.neoforged.fml.loading.moddiscovery.ModDiscoverer/]: Skipping /private/var/folders/78/5mcrjnn10f17p27bb8wgpsgr0000gn/T/cursor-sandbox-cache/6d73cf3c4f6cca4ebe119c61060e3a62/gradle/caches/modules-2/files-2.1/org.openjdk.nashorn/nashorn-core/15.4/f67f5ffaa5f5130cf6fb9b133da00c7df3b532a5/nashorn-core-15.4.jar because it was already located earlier
[23сент.2026 19:27:13.095] [main/DEBUG] [net.neoforged.fml.loading.moddiscovery.ModDiscoverer/]: Skipping /private/var/folders/78/5mcrjnn10f17p27bb8wgpsgr0000gn/T/cursor-sandbox-cache/6d73cf3c4f6cca4ebe119c61060e3a62/gradle/caches/modules-2/files-2.1/org.apache.commons/commons-lang3/3.14.0/1ed471194b02f2c6cb734a0cd6f6f107c673afae/commons-lang3-3.14.0.jar because it was already located earlier
[23сент.2026 19:27:13.095] [main/DEBUG] [net.neoforged.fml.loading.moddiscovery.ModDiscoverer/]: Skipping /private/var/folders/78/5mcrjnn10f17p27bb8wgpsgr0000gn/T/cursor-sandbox-cache/6d73cf3c4f6cca4ebe119c61060e3a62/gradle/caches/modules-2/files-2.1/net.sf.jopt-simple/jopt-simple/5.0.4/4fdac2fbe92dfad86aa6e9301736f6b4342a3f5c/jopt-simple-5.0.4.jar because it was already located earlier
[23сент.2026 19:27:13.095] [main/DEBUG] [net.neoforged.fml.loading.moddiscovery.ModDiscoverer/]: Skipping /private/var/folders/78/5mcrjnn10f17p27bb8wgpsgr0000gn/T/cursor-sandbox-cache/6d73cf3c4f6cca4ebe119c61060e3a62/gradle/caches/modules-2/files-2.1/commons-io/commons-io/2.15.1/f11560da189ab563a5c8e351941415430e9304ea/commons-io-2.15.1.jar because it was already located earlier
[23сент.2026 19:27:13.095] [main/DEBUG] [net.neoforged.fml.loading.moddiscovery.ModDiscoverer/]: Skipping /private/var/folders/78/5mcrjnn10f17p27bb8wgpsgr0000gn/T/cursor-sandbox-cache/6d73cf3c4f6cca4ebe119c61060e3a62/gradle/caches/modules-2/files-2.1/com.mojang/logging/1.2.7/24cb95ffb0e3433fd6e844c04e68009e504ca1c0/logging-1.2.7.jar because it was already located earlier
[23сент.2026 19:27:13.095] [main/DEBUG] [net.neoforged.fml.loading.moddiscovery.ModDiscoverer/]: Skipping /private/var/folders/78/5mcrjnn10f17p27bb8wgpsgr0000gn/T/cursor-sandbox-cache/6d73cf3c4f6cca4ebe119c61060e3a62/gradle/caches/modules-2/files-2.1/org.apache.logging.log4j/log4j-slf4j2-impl/2.22.1/d7e6693c2606cb7e7335047d7bb96dec52db5665/log4j-slf4j2-impl-2.22.1.jar because it was already located earlier
[23сент.2026 19:27:13.095] [main/DEBUG] [net.neoforged.fml.loading.moddiscovery.ModDiscoverer/]: Skipping /private/var/folders/78/5mcrjnn10f17p27bb8wgpsgr0000gn/T/cursor-sandbox-cache/6d73cf3c4f6cca4ebe119c61060e3a62/gradle/caches/modules-2/files-2.1/org.apache.logging.log4j/log4j-core/2.22.1/7183a25510a02ad00cc6a95d3b3d2a7d3c5a8dc4/log4j-core-2.22.1.jar because it was already located earlier
[23сент.2026 19:27:13.095] [main/DEBUG] [net.neoforged.fml.loading.moddiscovery.ModDiscoverer/]: Skipping /private/var/folders/78/5mcrjnn10f17p27bb8wgpsgr0000gn/T/cursor-sandbox-cache/6d73cf3c4f6cca4ebe119c61060e3a62/gradle/caches/modules-2/files-2.1/org.apache.logging.log4j/log4j-api/2.22.1/bea6fede6328fabafd7e68363161a7ea6605abd1/log4j-api-2.22.1.jar because it was already located earlier
[23сент.2026 19:27:13.095] [main/DEBUG] [net.neoforged.fml.loading.moddiscovery.ModDiscoverer/]: Skipping /private/var/folders/78/5mcrjnn10f17p27bb8wgpsgr0000gn/T/cursor-sandbox-cache/6d73cf3c4f6cca4ebe119c61060e3a62/gradle/caches/modules-2/files-2.1/com.google.guava/guava/32.1.2-jre/5e64ec7e056456bef3a4bc4c6fdaef71e8ab6318/guava-32.1.2-jre.jar because it was already located earlier
[23сент.2026 19:27:13.095] [main/DEBUG] [net.neoforged.fml.loading.moddiscovery.ModDiscoverer/]: Skipping /private/var/folders/78/5mcrjnn10f17p27bb8wgpsgr0000gn/T/cursor-sandbox-cache/6d73cf3c4f6cca4ebe119c61060e3a62/gradle/caches/modules-2/files-2.1/com.google.code.gson/gson/2.10.1/b3add478d4382b78ea20b1671390a858002feb6c/gson-2.10.1.jar because it was already located earlier
[23сент.2026 19:27:13.095] [main/DEBUG] [net.neoforged.fml.loading.moddiscovery.ModDiscoverer/]: Skipping /private/var/folders/78/5mcrjnn10f17p27bb8wgpsgr0000gn/T/cursor-sandbox-cache/6d73cf3c4f6cca4ebe119c61060e3a62/gradle/caches/modules-2/files-2.1/org.slf4j/slf4j-api/2.0.9/7cf2726fdcfbc8610f9a71fb3ed639871f315340/slf4j-api-2.0.9.jar because it was already located earlier
[23сент.2026 19:27:13.096] [main/DEBUG] [net.neoforged.fml.loading.moddiscovery.ModDiscoverer/]: Skipping /private/var/folders/78/5mcrjnn10f17p27bb8wgpsgr0000gn/T/cursor-sandbox-cache/6d73cf3c4f6cca4ebe119c61060e3a62/gradle/caches/modules-2/files-2.1/org.antlr/antlr4-runtime/4.13.1/17125bae1d965624e265ef49552f6465a2bfa307/antlr4-runtime-4.13.1.jar because it was already located earlier
[23сент.2026 19:27:13.096] [main/DEBUG] [net.neoforged.fml.loading.moddiscovery.ModDiscoverer/]: Skipping /private/var/folders/78/5mcrjnn10f17p27bb8wgpsgr0000gn/T/cursor-sandbox-cache/6d73cf3c4f6cca4ebe119c61060e3a62/gradle/caches/modules-2/files-2.1/net.minecraftforge/srgutils/0.4.15/ca408b131759478f164e010fae0d73997e125fb5/srgutils-0.4.15.jar because it was already located earlier
[23сент.2026 19:27:13.096] [main/DEBUG] [net.neoforged.fml.loading.moddiscovery.ModDiscoverer/]: Skipping /private/var/folders/78/5mcrjnn10f17p27bb8wgpsgr0000gn/T/cursor-sandbox-cache/6d73cf3c4f6cca4ebe119c61060e3a62/gradle/caches/modules-2/files-2.1/org.codehaus.plexus/plexus-utils/3.3.0/cf43b5391de623b36fe066a21127baef82c64022/plexus-utils-3.3.0.jar because it was already located earlier
[23сент.2026 19:27:13.096] [main/DEBUG] [net.neoforged.fml.loading.moddiscovery.ModDiscoverer/]: Skipping /private/var/folders/78/5mcrjnn10f17p27bb8wgpsgr0000gn/T/cursor-sandbox-cache/6d73cf3c4f6cca4ebe119c61060e3a62/gradle/caches/modules-2/files-2.1/org.jline/jline-reader/3.20.0/8f15415b022a25b473e8e16c28ae913186ffb9c4/jline-reader-3.20.0.jar because it was already located earlier
[23сент.2026 19:27:13.096] [main/DEBUG] [net.neoforged.fml.loading.moddiscovery.ModDiscoverer/]: Skipping /private/var/folders/78/5mcrjnn10f17p27bb8wgpsgr0000gn/T/cursor-sandbox-cache/6d73cf3c4f6cca4ebe119c61060e3a62/gradle/caches/modules-2/files-2.1/com.machinezoo.noexception/noexception/1.7.1/b65330c98e38a1f915fa54a6e5eca496505e3f0a/noexception-1.7.1.jar because it was already located earlier
[23сент.2026 19:27:13.096] [main/DEBUG] [net.neoforged.fml.loading.moddiscovery.ModDiscoverer/]: Skipping /private/var/folders/78/5mcrjnn10f17p27bb8wgpsgr0000gn/T/cursor-sandbox-cache/6d73cf3c4f6cca4ebe119c61060e3a62/gradle/caches/modules-2/files-2.1/com.github.oshi/oshi-core/6.4.10/b1d8ab82d11d92fd639b56d639f8f46f739dd5fa/oshi-core-6.4.10.jar because it was already located earlier
[23сент.2026 19:27:13.096] [main/DEBUG] [net.neoforged.fml.loading.moddiscovery.ModDiscoverer/]: Skipping /private/var/folders/78/5mcrjnn10f17p27bb8wgpsgr0000gn/T/cursor-sandbox-cache/6d73cf3c4f6cca4ebe119c61060e3a62/gradle/caches/modules-2/files-2.1/com.google.guava/failureaccess/1.0.1/1dcf1de382a0bf95a3d8b0849546c88bac1292c9/failureaccess-1.0.1.jar because it was already located earlier
[23сент.2026 19:27:13.098] [main/DEBUG] [net.neoforged.fml.loading.moddiscovery.ModDiscoverer/]: Skipping /private/var/folders/78/5mcrjnn10f17p27bb8wgpsgr0000gn/T/cursor-sandbox-cache/6d73cf3c4f6cca4ebe119c61060e3a62/gradle/caches/modules-2/files-2.1/com.mojang/authlib/6.0.54/de8bc95660e1b2fe8793fd427a7a10dcec5b3ea7/authlib-6.0.54.jar because it was already located earlier
[23сент.2026 19:27:13.099] [main/DEBUG] [net.neoforged.fml.loading.moddiscovery.ModDiscoverer/]: Skipping /private/var/folders/78/5mcrjnn10f17p27bb8wgpsgr0000gn/T/cursor-sandbox-cache/6d73cf3c4f6cca4ebe119c61060e3a62/gradle/caches/modules-2/files-2.1/com.mojang/brigadier/1.3.10/d15b53a14cf20fdcaa98f731af5dda654452c010/brigadier-1.3.10.jar because it was already located earlier
[23сент.2026 19:27:13.099] [main/DEBUG] [net.neoforged.fml.loading.moddiscovery.ModDiscoverer/]: Skipping /private/var/folders/78/5mcrjnn10f17p27bb8wgpsgr0000gn/T/cursor-sandbox-cache/6d73cf3c4f6cca4ebe119c61060e3a62/gradle/caches/modules-2/files-2.1/com.mojang/datafixerupper/8.0.16/67d4de6d7f95d89bcf5862995fb854ebaec02a34/datafixerupper-8.0.16.jar because it was already located earlier
[23сент.2026 19:27:13.100] [main/DEBUG] [net.neoforged.fml.loading.moddiscovery.ModDiscoverer/]: Skipping /private/var/folders/78/5mcrjnn10f17p27bb8wgpsgr0000gn/T/cursor-sandbox-cache/6d73cf3c4f6cca4ebe119c61060e3a62/gradle/caches/modules-2/files-2.1/io.netty/netty-buffer/4.1.97.Final/f8f3d8644afa5e6e1a40a3a6aeb9d9aa970ecb4f/netty-buffer-4.1.97.Final.jar because it was already located earlier
[23сент.2026 19:27:13.100] [main/DEBUG] [net.neoforged.fml.loading.moddiscovery.ModDiscoverer/]: Skipping /private/var/folders/78/5mcrjnn10f17p27bb8wgpsgr0000gn/T/cursor-sandbox-cache/6d73cf3c4f6cca4ebe119c61060e3a62/gradle/caches/modules-2/files-2.1/io.netty/netty-codec/4.1.97.Final/384ba4d75670befbedb45c4d3b497a93639c206d/netty-codec-4.1.97.Final.jar because it was already located earlier
[23сент.2026 19:27:13.100] [main/DEBUG] [net.neoforged.fml.loading.moddiscovery.ModDiscoverer/]: Skipping /private/var/folders/78/5mcrjnn10f17p27bb8wgpsgr0000gn/T/cursor-sandbox-cache/6d73cf3c4f6cca4ebe119c61060e3a62/gradle/caches/modules-2/files-2.1/io.netty/netty-common/4.1.97.Final/7cceacaf11df8dc63f23d0fb58e9d4640fc88404/netty-common-4.1.97.Final.jar because it was already located earlier
[23сент.2026 19:27:13.100] [main/DEBUG] [net.neoforged.fml.loading.moddiscovery.ModDiscoverer/]: Skipping /private/var/folders/78/5mcrjnn10f17p27bb8wgpsgr0000gn/T/cursor-sandbox-cache/6d73cf3c4f6cca4ebe119c61060e3a62/gradle/caches/modules-2/files-2.1/io.netty/netty-handler/4.1.97.Final/abb86c6906bf512bf2b797a41cd7d2e8d3cd7c36/netty-handler-4.1.97.Final.jar because it was already located earlier
[23сент.2026 19:27:13.100] [main/DEBUG] [net.neoforged.fml.loading.moddiscovery.ModDiscoverer/]: Skipping /private/var/folders/78/5mcrjnn10f17p27bb8wgpsgr0000gn/T/cursor-sandbox-cache/6d73cf3c4f6cca4ebe119c61060e3a62/gradle/caches/modules-2/files-2.1/io.netty/netty-resolver/4.1.97.Final/cec8348108dc76c47cf87c669d514be52c922144/netty-resolver-4.1.97.Final.jar because it was already located earlier
[23сент.2026 19:27:13.100] [main/DEBUG] [net.neoforged.fml.loading.moddiscovery.ModDiscoverer/]: Skipping /private/var/folders/78/5mcrjnn10f17p27bb8wgpsgr0000gn/T/cursor-sandbox-cache/6d73cf3c4f6cca4ebe119c61060e3a62/gradle/caches/modules-2/files-2.1/io.netty/netty-transport-classes-epoll/4.1.97.Final/795da37ded759e862457a82d9d92c4d39ce8ecee/netty-transport-classes-epoll-4.1.97.Final.jar because it was already located earlier
[23сент.2026 19:27:13.100] [main/DEBUG] [net.neoforged.fml.loading.moddiscovery.ModDiscoverer/]: Skipping /private/var/folders/78/5mcrjnn10f17p27bb8wgpsgr0000gn/T/cursor-sandbox-cache/6d73cf3c4f6cca4ebe119c61060e3a62/gradle/caches/modules-2/files-2.1/io.netty/netty-transport-native-unix-common/4.1.97.Final/d469d84265ab70095b01b40886cabdd433b6e664/netty-transport-native-unix-common-4.1.97.Final.jar because it was already located earlier
[23сент.2026 19:27:13.101] [main/DEBUG] [net.neoforged.fml.loading.moddiscovery.ModDiscoverer/]: Skipping /private/var/folders/78/5mcrjnn10f17p27bb8wgpsgr0000gn/T/cursor-sandbox-cache/6d73cf3c4f6cca4ebe119c61060e3a62/gradle/caches/modules-2/files-2.1/io.netty/netty-transport/4.1.97.Final/f37380d23c9bb079bc702910833b2fd532c9abd0/netty-transport-4.1.97.Final.jar because it was already located earlier
[23сент.2026 19:27:13.101] [main/DEBUG] [net.neoforged.fml.loading.moddiscovery.ModDiscoverer/]: Skipping /private/var/folders/78/5mcrjnn10f17p27bb8wgpsgr0000gn/T/cursor-sandbox-cache/6d73cf3c4f6cca4ebe119c61060e3a62/gradle/caches/modules-2/files-2.1/it.unimi.dsi/fastutil/8.5.12/c24946d46824bd528054bface3231d2ecb7e95e8/fastutil-8.5.12.jar because it was already located earlier
[23сент.2026 19:27:13.101] [main/DEBUG] [net.neoforged.fml.loading.moddiscovery.ModDiscoverer/]: Skipping /private/var/folders/78/5mcrjnn10f17p27bb8wgpsgr0000gn/T/cursor-sandbox-cache/6d73cf3c4f6cca4ebe119c61060e3a62/gradle/caches/modules-2/files-2.1/net.java.dev.jna/jna-platform/5.14.0/28934d48aed814f11e4c584da55c49fa7032b31b/jna-platform-5.14.0.jar because it was already located earlier
[23сент.2026 19:27:13.101] [main/DEBUG] [net.neoforged.fml.loading.moddiscovery.ModDiscoverer/]: Skipping /private/var/folders/78/5mcrjnn10f17p27bb8wgpsgr0000gn/T/cursor-sandbox-cache/6d73cf3c4f6cca4ebe119c61060e3a62/gradle/caches/modules-2/files-2.1/net.java.dev.jna/jna/5.14.0/67bf3eaea4f0718cb376a181a629e5f88fa1c9dd/jna-5.14.0.jar because it was already located earlier
[23сент.2026 19:27:13.103] [main/DEBUG] [net.neoforged.fml.loading.moddiscovery.ModDiscoverer/]: Skipping /private/var/folders/78/5mcrjnn10f17p27bb8wgpsgr0000gn/T/cursor-sandbox-cache/6d73cf3c4f6cca4ebe119c61060e3a62/gradle/caches/modules-2/files-2.1/org.joml/joml/1.10.5/22566d58af70ad3d72308bab63b8339906deb649/joml-1.10.5.jar because it was already located earlier
[23сент.2026 19:27:13.110] [main/DEBUG] [net.neoforged.fml.loading.moddiscovery.ModDiscoverer/]: Skipping /private/var/folders/78/5mcrjnn10f17p27bb8wgpsgr0000gn/T/cursor-sandbox-cache/6d73cf3c4f6cca4ebe119c61060e3a62/gradle/caches/modules-2/files-2.1/org.lz4/lz4-java/1.8.0/4b986a99445e49ea5fbf5d149c4b63f6ed6c6780/lz4-java-1.8.0.jar because it was already located earlier
[23сент.2026 19:27:13.110] [main/DEBUG] [net.neoforged.fml.loading.moddiscovery.ModDiscoverer/]: Skipping /private/var/folders/78/5mcrjnn10f17p27bb8wgpsgr0000gn/T/cursor-sandbox-cache/6d73cf3c4f6cca4ebe119c61060e3a62/gradle/caches/modules-2/files-2.1/org.jline/jline-terminal/3.20.0/d0ddcc708ddf527a3454c941b7b9225cc83a15ff/jline-terminal-3.20.0.jar because it was already located earlier
[23сент.2026 19:27:13.110] [main/DEBUG] [net.neoforged.fml.loading.moddiscovery.ModDiscoverer/]: Skipping /private/var/folders/78/5mcrjnn10f17p27bb8wgpsgr0000gn/T/cursor-sandbox-cache/6d73cf3c4f6cca4ebe119c61060e3a62/gradle/caches/modules-2/files-2.1/com.google.guava/listenablefuture/9999.0-empty-to-avoid-conflict-with-guava/b421526c5f297295adef1c886e5246c39d4ac629/listenablefuture-9999.0-empty-to-avoid-conflict-with-guava.jar because it was already located earlier
[23сент.2026 19:27:13.110] [main/DEBUG] [net.neoforged.fml.loading.moddiscovery.ModDiscoverer/]: Skipping /private/var/folders/78/5mcrjnn10f17p27bb8wgpsgr0000gn/T/cursor-sandbox-cache/6d73cf3c4f6cca4ebe119c61060e3a62/gradle/caches/modules-2/files-2.1/com.google.code.findbugs/jsr305/3.0.2/25ea2e8b0c338a877313bd4672d3fe056ea78f0d/jsr305-3.0.2.jar because it was already located earlier
[23сент.2026 19:27:13.110] [main/DEBUG] [net.neoforged.fml.loading.moddiscovery.ModDiscoverer/]: Skipping /private/var/folders/78/5mcrjnn10f17p27bb8wgpsgr0000gn/T/cursor-sandbox-cache/6d73cf3c4f6cca4ebe119c61060e3a62/gradle/caches/modules-2/files-2.1/org.checkerframework/checker-qual/3.33.0/de2b60b62da487644fc11f734e73c8b0b431238f/checker-qual-3.33.0.jar because it was already located earlier
[23сент.2026 19:27:13.111] [main/DEBUG] [net.neoforged.fml.loading.moddiscovery.ModDiscoverer/]: Skipping /private/var/folders/78/5mcrjnn10f17p27bb8wgpsgr0000gn/T/cursor-sandbox-cache/6d73cf3c4f6cca4ebe119c61060e3a62/gradle/caches/modules-2/files-2.1/com.google.errorprone/error_prone_annotations/2.18.0/89b684257096f548fa39a7df9fdaa409d4d4df91/error_prone_annotations-2.18.0.jar because it was already located earlier
[23сент.2026 19:27:13.111] [main/DEBUG] [net.neoforged.fml.loading.moddiscovery.ModDiscoverer/]: Skipping /private/var/folders/78/5mcrjnn10f17p27bb8wgpsgr0000gn/T/cursor-sandbox-cache/6d73cf3c4f6cca4ebe119c61060e3a62/gradle/caches/modules-2/files-2.1/com.google.j2objc/j2objc-annotations/2.8/c85270e307e7b822f1086b93689124b89768e273/j2objc-annotations-2.8.jar because it was already located earlier
[23сент.2026 19:27:13.112] [main/DEBUG] [net.neoforged.fml.loading.UniqueModListBuilder/]: Found 2 mods for first modid neoforge, selecting most recent based on version data
[23сент.2026 19:27:13.112] [main/DEBUG] [net.neoforged.fml.loading.UniqueModListBuilder/]: Selected file neoforge-21.1.248.jar for modid neoforge with version 21.1.248
[23сент.2026 19:27:13.208] [main/INFO] [net.neoforged.fml.loading.moddiscovery.locators.JarInJarDependencyLocator/]: Found 2 dependencies adding them to mods collection
[23сент.2026 19:27:13.209] [main/INFO] [net.neoforged.fml.loading.moddiscovery.ModDiscoverer/]: 
     Mod List:
		Name Version (Mod Id)

		Eve Portal Nether 1.0.0 (eveportalnether)
		Minecraft 1.21.1 (minecraft)
		NeoForge 21.1.248 (neoforge)
[23сент.2026 19:27:13.210] [main/DEBUG] [net.neoforged.fml.loading.moddiscovery.ModFileInfo/LOADING]: Found valid mod file neoforge-21.1.248.jar with {minecraft} mods - versions {1.21.1}
[23сент.2026 19:27:13.211] [main/DEBUG] [net.neoforged.fml.loading.moddiscovery.ModFile/LOADING]: Loading mod file /Users/poligorn/Проекты/ASI Project/Minecraft Mods/Eve Portal Nether/build/moddev/artifacts/neoforge-21.1.248.jar with languages [LanguageSpec[languageName=minecraft, acceptedVersions=1]]
[23сент.2026 19:27:13.212] [main/DEBUG] [net.neoforged.fml.loading.moddiscovery.ModFileParser/LOADING]: Considering mod file candidate /Users/poligorn/Проекты/ASI Project/Minecraft Mods/Eve Portal Nether/build/classes/java/main
[23сент.2026 19:27:13.215] [main/DEBUG] [net.neoforged.fml.loading.moddiscovery.ModFileInfo/LOADING]: Found valid mod file main with {eveportalnether} mods - versions {1.0.0}
[23сент.2026 19:27:13.215] [main/DEBUG] [net.neoforged.fml.loading.moddiscovery.ModFile/LOADING]: Loading mod file /Users/poligorn/Проекты/ASI Project/Minecraft Mods/Eve Portal Nether/build/classes/java/main with languages [LanguageSpec[languageName=javafml, acceptedVersions=[1,)]]
[23сент.2026 19:27:13.215] [main/DEBUG] [net.neoforged.fml.loading.moddiscovery.ModFileParser/LOADING]: Considering mod file candidate /Users/poligorn/Проекты/ASI Project/Minecraft Mods/Eve Portal Nether/build/moddev/artifacts/neoforge-21.1.248.jar
[23сент.2026 19:27:13.216] [main/DEBUG] [net.neoforged.fml.loading.moddiscovery.ModFileInfo/LOADING]: Found valid mod file neoforge-21.1.248.jar with {neoforge} mods - versions {21.1.248}
[23сент.2026 19:27:13.216] [main/DEBUG] [net.neoforged.fml.loading.moddiscovery.ModFile/LOADING]: Loading mod file /Users/poligorn/Проекты/ASI Project/Minecraft Mods/Eve Portal Nether/build/moddev/artifacts/neoforge-21.1.248.jar with languages [LanguageSpec[languageName=javafml, acceptedVersions=[3,]]]
[23сент.2026 19:27:13.217] [main/DEBUG] [net.neoforged.fml.loading.moddiscovery.ModFile/LOADING]: Found mixin config MixinConfig[config=neoforge.mixins.json, requiredMods=[]]
[23сент.2026 19:27:13.217] [main/DEBUG] [net.neoforged.fml.loading.moddiscovery.ModFile/LOADING]: Loading mod file  with languages []
[23сент.2026 19:27:13.217] [main/DEBUG] [cpw.mods.modlauncher.TransformationServiceDecorator/MODLAUNCHER]: End scan trigger - transformation service fml
[23сент.2026 19:27:13.223] [main/DEBUG] [net.neoforged.fml.util.ServiceLoaderUtil/CORE]: Found 3 implementations of IModLanguageLoader:
[23сент.2026 19:27:13.223] [main/DEBUG] [net.neoforged.fml.util.ServiceLoaderUtil/CORE]: 	net.neoforged.fml.javafmlmod.FMLJavaModLanguageProvider from loader-4.0.43.jar
[23сент.2026 19:27:13.223] [main/DEBUG] [net.neoforged.fml.util.ServiceLoaderUtil/CORE]: 	net.neoforged.fml.lowcodemod.LowCodeModLanguageProvider from loader-4.0.43.jar
[23сент.2026 19:27:13.223] [main/DEBUG] [net.neoforged.fml.util.ServiceLoaderUtil/CORE]: 	net.neoforged.fml.mclanguageprovider.MinecraftModLanguageProvider from loader-4.0.43.jar
[23сент.2026 19:27:13.224] [main/DEBUG] [net.neoforged.fml.loading.LanguageProviderLoader/CORE]: Found language provider javafml, version 4.0.43
[23сент.2026 19:27:13.224] [main/DEBUG] [net.neoforged.fml.loading.LanguageProviderLoader/CORE]: Found language provider lowcodefml, version 4.0.43
[23сент.2026 19:27:13.224] [main/DEBUG] [net.neoforged.fml.loading.LanguageProviderLoader/CORE]: Found language provider minecraft, version 4.0.43
[23сент.2026 19:27:13.227] [main/DEBUG] [net.neoforged.fml.loading.ModSorter/]: Configured system mods: [minecraft, neoforge]
[23сент.2026 19:27:13.227] [main/DEBUG] [net.neoforged.fml.loading.ModSorter/]: Found system mod: minecraft
[23сент.2026 19:27:13.227] [main/DEBUG] [net.neoforged.fml.loading.ModSorter/]: Found system mod: neoforge
[23сент.2026 19:27:13.228] [main/DEBUG] [net.neoforged.fml.loading.ModSorter/LOADING]: Found 2 mod requirements (2 mandatory, 0 optional)
[23сент.2026 19:27:13.228] [main/DEBUG] [net.neoforged.fml.loading.ModSorter/LOADING]: Found 0 mod requirements missing (0 mandatory, 0 optional)
[23сент.2026 19:27:13.317] [main/DEBUG] [mixin/]: Adding mixin platform agents for container net.neoforged.fml.loading.mixin.FMLMixinContainerHandle@1763992e
[23сент.2026 19:27:13.318] [main/DEBUG] [mixin/]: Instancing new MixinPlatformAgentMinecraftForge for net.neoforged.fml.loading.mixin.FMLMixinContainerHandle@1763992e
[23сент.2026 19:27:13.318] [main/DEBUG] [mixin/]: MixinPlatformAgentMinecraftForge rejected container net.neoforged.fml.loading.mixin.FMLMixinContainerHandle@1763992e
[23сент.2026 19:27:13.318] [main/DEBUG] [mixin/]: Instancing new MixinPlatformAgentDefault for net.neoforged.fml.loading.mixin.FMLMixinContainerHandle@1763992e
[23сент.2026 19:27:13.318] [main/DEBUG] [mixin/]: MixinPlatformAgentDefault accepted container net.neoforged.fml.loading.mixin.FMLMixinContainerHandle@1763992e
[23сент.2026 19:27:13.318] [main/DEBUG] [mixin/]: Instancing new FMLMixinPlatformAgent for net.neoforged.fml.loading.mixin.FMLMixinContainerHandle@1763992e
[23сент.2026 19:27:13.318] [main/DEBUG] [mixin/]: FMLMixinPlatformAgent accepted container net.neoforged.fml.loading.mixin.FMLMixinContainerHandle@1763992e
[23сент.2026 19:27:13.322] [main/DEBUG] [cpw.mods.modlauncher.TransformationServicesHandler/MODLAUNCHER]: Transformation services loading transformers
[23сент.2026 19:27:13.323] [main/DEBUG] [cpw.mods.modlauncher.TransformationServiceDecorator/MODLAUNCHER]: Initializing transformers for transformation service mixin
[23сент.2026 19:27:13.323] [main/DEBUG] [cpw.mods.modlauncher.TransformationServiceDecorator/MODLAUNCHER]: Initialized transformers for transformation service mixin
[23сент.2026 19:27:13.323] [main/DEBUG] [cpw.mods.modlauncher.TransformationServiceDecorator/MODLAUNCHER]: Initializing transformers for transformation service fml
[23сент.2026 19:27:13.323] [main/DEBUG] [net.neoforged.fml.loading.FMLServiceProvider/LOADING]: Loading coremod transformers
[23сент.2026 19:27:13.323] [main/DEBUG] [net.neoforged.fml.loading.FMLServiceProvider/CORE]: Not loading coremod script-engine since no mod requested it
[23сент.2026 19:27:13.324] [main/DEBUG] [net.neoforged.fml.util.ServiceLoaderUtil/CORE]: Found 1 implementations of ICoreMod:
[23сент.2026 19:27:13.324] [main/DEBUG] [net.neoforged.fml.util.ServiceLoaderUtil/CORE]: 	net.neoforged.neoforge.coremods.NeoForgeCoreMod from neoforge-21.1.248.jar > net.neoforged.neoforge-coremods-21.1.248.jar
[23сент.2026 19:27:13.328] [main/DEBUG] [net.neoforged.fml.loading.FMLServiceProvider/CORE]: Adding [Target[className=net.minecraft.world.level.biome.Biome, elementName=, elementDescriptor=, targetType=cpw.mods.modlauncher.api.TargetType@2a640157]] transformer from core-mod net.neoforged.neoforge.coremods.NeoForgeCoreMod@4c27d39d in neoforge-21.1.248.jar > net.neoforged.neoforge-coremods-21.1.248.jar
[23сент.2026 19:27:13.329] [main/DEBUG] [net.neoforged.fml.loading.FMLServiceProvider/CORE]: Adding [Target[className=net.minecraft.world.level.levelgen.structure.Structure, elementName=, elementDescriptor=, targetType=cpw.mods.modlauncher.api.TargetType@2a640157]] transformer from core-mod net.neoforged.neoforge.coremods.NeoForgeCoreMod@4c27d39d in neoforge-21.1.248.jar > net.neoforged.neoforge-coremods-21.1.248.jar
[23сент.2026 19:27:13.329] [main/DEBUG] [net.neoforged.fml.loading.FMLServiceProvider/CORE]: Adding [Target[className=net.minecraft.world.level.block.FlowerPotBlock, elementName=, elementDescriptor=, targetType=cpw.mods.modlauncher.api.TargetType@2a640157]] transformer from core-mod net.neoforged.neoforge.coremods.NeoForgeCoreMod@4c27d39d in neoforge-21.1.248.jar > net.neoforged.neoforge-coremods-21.1.248.jar
[23сент.2026 19:27:13.329] [main/DEBUG] [net.neoforged.fml.loading.FMLServiceProvider/CORE]: Adding [Target[className=net/minecraft/world/entity/monster/Spider, elementName=, elementDescriptor=, targetType=cpw.mods.modlauncher.api.TargetType@2a640157], Target[className=net/minecraft/world/entity/monster/Zombie, elementName=, elementDescriptor=, targetType=cpw.mods.modlauncher.api.TargetType@2a640157], Target[className=net/minecraft/world/entity/EntityType, elementName=, elementDescriptor=, targetType=cpw.mods.modlauncher.api.TargetType@2a640157], Target[className=net/minecraft/world/entity/npc/CatSpawner, elementName=, elementDescriptor=, targetType=cpw.mods.modlauncher.api.TargetType@2a640157], Target[className=net/minecraft/world/level/levelgen/structure/structures/OceanRuinPieces$OceanRuinPiece, elementName=, elementDescriptor=, targetType=cpw.mods.modlauncher.api.TargetType@2a640157], Target[className=net/minecraft/world/level/levelgen/structure/templatesystem/StructureTemplate, elementName=, elementDescriptor=, targetType=cpw.mods.modlauncher.api.TargetType@2a640157], Target[className=net/minecraft/world/entity/monster/Strider, elementName=, elementDescriptor=, targetType=cpw.mods.modlauncher.api.TargetType@2a640157], Target[className=net/minecraft/world/entity/animal/frog/Tadpole, elementName=, elementDescriptor=, targetType=cpw.mods.modlauncher.api.TargetType@2a640157], Target[className=net/minecraft/world/level/levelgen/structure/structures/SwampHutPiece, elementName=, elementDescriptor=, targetType=cpw.mods.modlauncher.api.TargetType@2a640157], Target[className=net/minecraft/world/level/levelgen/PhantomSpawner, elementName=, elementDescriptor=, targetType=cpw.mods.modlauncher.api.TargetType@2a640157], Target[className=net/minecraft/world/entity/npc/Villager, elementName=, elementDescriptor=, targetType=cpw.mods.modlauncher.api.TargetType@2a640157], Target[className=net/minecraft/world/level/levelgen/PatrolSpawner, elementName=, elementDescriptor=, targetType=cpw.mods.modlauncher.api.TargetType@2a640157], Target[className=net/minecraft/server/commands/RaidCommand, elementName=, elementDescriptor=, targetType=cpw.mods.modlauncher.api.TargetType@2a640157], Target[className=net/minecraft/world/entity/ai/village/VillageSiege, elementName=, elementDescriptor=, targetType=cpw.mods.modlauncher.api.TargetType@2a640157], Target[className=net/minecraft/world/entity/monster/Evoker$EvokerSummonSpellGoal, elementName=, elementDescriptor=, targetType=cpw.mods.modlauncher.api.TargetType@2a640157], Target[className=net/minecraft/world/level/levelgen/structure/structures/OceanMonumentPieces$OceanMonumentPiece, elementName=, elementDescriptor=, targetType=cpw.mods.modlauncher.api.TargetType@2a640157], Target[className=net/minecraft/world/entity/monster/ZombieVillager, elementName=, elementDescriptor=, targetType=cpw.mods.modlauncher.api.TargetType@2a640157], Target[className=net/minecraft/world/level/NaturalSpawner, elementName=, elementDescriptor=, targetType=cpw.mods.modlauncher.api.TargetType@2a640157], Target[className=net/minecraft/world/entity/animal/horse/SkeletonTrapGoal, elementName=, elementDescriptor=, targetType=cpw.mods.modlauncher.api.TargetType@2a640157], Target[className=net/minecraft/server/commands/SummonCommand, elementName=, elementDescriptor=, targetType=cpw.mods.modlauncher.api.TargetType@2a640157], Target[className=net/minecraft/world/entity/raid/Raid, elementName=, elementDescriptor=, targetType=cpw.mods.modlauncher.api.TargetType@2a640157], Target[className=net/minecraft/world/level/levelgen/structure/structures/WoodlandMansionPieces$WoodlandMansionPiece, elementName=, elementDescriptor=, targetType=cpw.mods.modlauncher.api.TargetType@2a640157]] transformer from core-mod net.neoforged.neoforge.coremods.NeoForgeCoreMod@4c27d39d in neoforge-21.1.248.jar > net.neoforged.neoforge-coremods-21.1.248.jar
[23сент.2026 19:27:13.332] [main/DEBUG] [cpw.mods.modlauncher.TransformStore/MODLAUNCHER]: Adding transformer net.neoforged.neoforge.coremods.ReplaceFieldWithGetterAccess@529cfee5 to Target : cpw.mods.modlauncher.api.TargetType@2a640157 {Lnet/minecraft/world/level/biome/Biome;} {} {V}
[23сент.2026 19:27:13.333] [main/DEBUG] [cpw.mods.modlauncher.TransformStore/MODLAUNCHER]: Adding transformer net.neoforged.neoforge.coremods.ReplaceFieldWithGetterAccess@4af46df3 to Target : cpw.mods.modlauncher.api.TargetType@2a640157 {Lnet/minecraft/world/level/levelgen/structure/Structure;} {} {V}
[23сент.2026 19:27:13.333] [main/DEBUG] [cpw.mods.modlauncher.TransformStore/MODLAUNCHER]: Adding transformer net.neoforged.neoforge.coremods.ReplaceFieldWithGetterAccess@4158debd to Target : cpw.mods.modlauncher.api.TargetType@2a640157 {Lnet/minecraft/world/level/block/FlowerPotBlock;} {} {V}
[23сент.2026 19:27:13.333] [main/DEBUG] [cpw.mods.modlauncher.TransformStore/MODLAUNCHER]: Adding transformer net.neoforged.neoforge.coremods.MethodRedirector@af78c87 to Target : cpw.mods.modlauncher.api.TargetType@2a640157 {Lnet/minecraft/world/entity/monster/Spider;} {} {V}
[23сент.2026 19:27:13.333] [main/DEBUG] [cpw.mods.modlauncher.TransformStore/MODLAUNCHER]: Adding transformer net.neoforged.neoforge.coremods.MethodRedirector@af78c87 to Target : cpw.mods.modlauncher.api.TargetType@2a640157 {Lnet/minecraft/world/entity/monster/Zombie;} {} {V}
[23сент.2026 19:27:13.333] [main/DEBUG] [cpw.mods.modlauncher.TransformStore/MODLAUNCHER]: Adding transformer net.neoforged.neoforge.coremods.MethodRedirector@af78c87 to Target : cpw.mods.modlauncher.api.TargetType@2a640157 {Lnet/minecraft/world/entity/EntityType;} {} {V}
[23сент.2026 19:27:13.333] [main/DEBUG] [cpw.mods.modlauncher.TransformStore/MODLAUNCHER]: Adding transformer net.neoforged.neoforge.coremods.MethodRedirector@af78c87 to Target : cpw.mods.modlauncher.api.TargetType@2a640157 {Lnet/minecraft/world/entity/npc/CatSpawner;} {} {V}
[23сент.2026 19:27:13.333] [main/DEBUG] [cpw.mods.modlauncher.TransformStore/MODLAUNCHER]: Adding transformer net.neoforged.neoforge.coremods.MethodRedirector@af78c87 to Target : cpw.mods.modlauncher.api.TargetType@2a640157 {Lnet/minecraft/world/level/levelgen/structure/structures/OceanRuinPieces$OceanRuinPiece;} {} {V}
[23сент.2026 19:27:13.333] [main/DEBUG] [cpw.mods.modlauncher.TransformStore/MODLAUNCHER]: Adding transformer net.neoforged.neoforge.coremods.MethodRedirector@af78c87 to Target : cpw.mods.modlauncher.api.TargetType@2a640157 {Lnet/minecraft/world/level/levelgen/structure/templatesystem/StructureTemplate;} {} {V}
[23сент.2026 19:27:13.333] [main/DEBUG] [cpw.mods.modlauncher.TransformStore/MODLAUNCHER]: Adding transformer net.neoforged.neoforge.coremods.MethodRedirector@af78c87 to Target : cpw.mods.modlauncher.api.TargetType@2a640157 {Lnet/minecraft/world/entity/monster/Strider;} {} {V}
[23сент.2026 19:27:13.333] [main/DEBUG] [cpw.mods.modlauncher.TransformStore/MODLAUNCHER]: Adding transformer net.neoforged.neoforge.coremods.MethodRedirector@af78c87 to Target : cpw.mods.modlauncher.api.TargetType@2a640157 {Lnet/minecraft/world/entity/animal/frog/Tadpole;} {} {V}
[23сент.2026 19:27:13.334] [main/DEBUG] [cpw.mods.modlauncher.TransformStore/MODLAUNCHER]: Adding transformer net.neoforged.neoforge.coremods.MethodRedirector@af78c87 to Target : cpw.mods.modlauncher.api.TargetType@2a640157 {Lnet/minecraft/world/level/levelgen/structure/structures/SwampHutPiece;} {} {V}
[23сент.2026 19:27:13.334] [main/DEBUG] [cpw.mods.modlauncher.TransformStore/MODLAUNCHER]: Adding transformer net.neoforged.neoforge.coremods.MethodRedirector@af78c87 to Target : cpw.mods.modlauncher.api.TargetType@2a640157 {Lnet/minecraft/world/level/levelgen/PhantomSpawner;} {} {V}
[23сент.2026 19:27:13.336] [main/DEBUG] [cpw.mods.modlauncher.TransformStore/MODLAUNCHER]: Adding transformer net.neoforged.neoforge.coremods.MethodRedirector@af78c87 to Target : cpw.mods.modlauncher.api.TargetType@2a640157 {Lnet/minecraft/world/entity/npc/Villager;} {} {V}
[23сент.2026 19:27:13.336] [main/DEBUG] [cpw.mods.modlauncher.TransformStore/MODLAUNCHER]: Adding transformer net.neoforged.neoforge.coremods.MethodRedirector@af78c87 to Target : cpw.mods.modlauncher.api.TargetType@2a640157 {Lnet/minecraft/world/level/levelgen/PatrolSpawner;} {} {V}
[23сент.2026 19:27:13.336] [main/DEBUG] [cpw.mods.modlauncher.TransformStore/MODLAUNCHER]: Adding transformer net.neoforged.neoforge.coremods.MethodRedirector@af78c87 to Target : cpw.mods.modlauncher.api.TargetType@2a640157 {Lnet/minecraft/server/commands/RaidCommand;} {} {V}
[23сент.2026 19:27:13.336] [main/DEBUG] [cpw.mods.modlauncher.TransformStore/MODLAUNCHER]: Adding transformer net.neoforged.neoforge.coremods.MethodRedirector@af78c87 to Target : cpw.mods.modlauncher.api.TargetType@2a640157 {Lnet/minecraft/world/entity/ai/village/VillageSiege;} {} {V}
[23сент.2026 19:27:13.336] [main/DEBUG] [cpw.mods.modlauncher.TransformStore/MODLAUNCHER]: Adding transformer net.neoforged.neoforge.coremods.MethodRedirector@af78c87 to Target : cpw.mods.modlauncher.api.TargetType@2a640157 {Lnet/minecraft/world/entity/monster/Evoker$EvokerSummonSpellGoal;} {} {V}
[23сент.2026 19:27:13.336] [main/DEBUG] [cpw.mods.modlauncher.TransformStore/MODLAUNCHER]: Adding transformer net.neoforged.neoforge.coremods.MethodRedirector@af78c87 to Target : cpw.mods.modlauncher.api.TargetType@2a640157 {Lnet/minecraft/world/level/levelgen/structure/structures/OceanMonumentPieces$OceanMonumentPiece;} {} {V}
[23сент.2026 19:27:13.337] [main/DEBUG] [cpw.mods.modlauncher.TransformStore/MODLAUNCHER]: Adding transformer net.neoforged.neoforge.coremods.MethodRedirector@af78c87 to Target : cpw.mods.modlauncher.api.TargetType@2a640157 {Lnet/minecraft/world/entity/monster/ZombieVillager;} {} {V}
[23сент.2026 19:27:13.337] [main/DEBUG] [cpw.mods.modlauncher.TransformStore/MODLAUNCHER]: Adding transformer net.neoforged.neoforge.coremods.MethodRedirector@af78c87 to Target : cpw.mods.modlauncher.api.TargetType@2a640157 {Lnet/minecraft/world/level/NaturalSpawner;} {} {V}
[23сент.2026 19:27:13.337] [main/DEBUG] [cpw.mods.modlauncher.TransformStore/MODLAUNCHER]: Adding transformer net.neoforged.neoforge.coremods.MethodRedirector@af78c87 to Target : cpw.mods.modlauncher.api.TargetType@2a640157 {Lnet/minecraft/world/entity/animal/horse/SkeletonTrapGoal;} {} {V}
[23сент.2026 19:27:13.337] [main/DEBUG] [cpw.mods.modlauncher.TransformStore/MODLAUNCHER]: Adding transformer net.neoforged.neoforge.coremods.MethodRedirector@af78c87 to Target : cpw.mods.modlauncher.api.TargetType@2a640157 {Lnet/minecraft/server/commands/SummonCommand;} {} {V}
[23сент.2026 19:27:13.337] [main/DEBUG] [cpw.mods.modlauncher.TransformStore/MODLAUNCHER]: Adding transformer net.neoforged.neoforge.coremods.MethodRedirector@af78c87 to Target : cpw.mods.modlauncher.api.TargetType@2a640157 {Lnet/minecraft/world/entity/raid/Raid;} {} {V}
[23сент.2026 19:27:13.337] [main/DEBUG] [cpw.mods.modlauncher.TransformStore/MODLAUNCHER]: Adding transformer net.neoforged.neoforge.coremods.MethodRedirector@af78c87 to Target : cpw.mods.modlauncher.api.TargetType@2a640157 {Lnet/minecraft/world/level/levelgen/structure/structures/WoodlandMansionPieces$WoodlandMansionPiece;} {} {V}
[23сент.2026 19:27:13.337] [main/DEBUG] [cpw.mods.modlauncher.TransformationServiceDecorator/MODLAUNCHER]: Initialized transformers for transformation service fml
[23сент.2026 19:27:13.661] [main/DEBUG] [mixin/]: Processing prepare() for PlatformAgent[MixinPlatformAgentDefault:ModLauncher Root Container(ModLauncher:4f56a0a2)]
[23сент.2026 19:27:13.661] [main/DEBUG] [mixin/]: Processing prepare() for PlatformAgent[MixinPlatformAgentDefault:net.neoforged.fml.loading.mixin.FMLMixinContainerHandle@1763992e]
[23сент.2026 19:27:13.661] [main/DEBUG] [mixin/]: Processing prepare() for PlatformAgent[FMLMixinPlatformAgent:null]
[23сент.2026 19:27:13.731] [main/DEBUG] [mixin/]: Processing launch tasks for PlatformAgent[MixinPlatformAgentDefault:ModLauncher Root Container(ModLauncher:4f56a0a2)]
[23сент.2026 19:27:13.732] [main/DEBUG] [mixin/]: Adding mixin platform agents for container SecureJarResource(mixin_synthetic)
[23сент.2026 19:27:13.732] [main/DEBUG] [mixin/]: Instancing new MixinPlatformAgentMinecraftForge for SecureJarResource(mixin_synthetic)
[23сент.2026 19:27:13.735] [main/DEBUG] [mixin/]: MixinPlatformAgentMinecraftForge rejected container SecureJarResource(mixin_synthetic)
[23сент.2026 19:27:13.736] [main/DEBUG] [mixin/]: Instancing new MixinPlatformAgentDefault for SecureJarResource(mixin_synthetic)
[23сент.2026 19:27:13.736] [main/DEBUG] [mixin/]: MixinPlatformAgentDefault accepted container SecureJarResource(mixin_synthetic)
[23сент.2026 19:27:13.737] [main/DEBUG] [mixin/]: Instancing new FMLMixinPlatformAgent for SecureJarResource(mixin_synthetic)
[23сент.2026 19:27:13.737] [main/DEBUG] [mixin/]: FMLMixinPlatformAgent rejected container SecureJarResource(mixin_synthetic)
[23сент.2026 19:27:13.738] [main/DEBUG] [mixin/]: Processing prepare() for PlatformAgent[MixinPlatformAgentDefault:SecureJarResource(mixin_synthetic)]
[23сент.2026 19:27:13.738] [main/DEBUG] [mixin/]: Adding mixin platform agents for container SecureJarResource(minecraft)
[23сент.2026 19:27:13.738] [main/DEBUG] [mixin/]: Instancing new MixinPlatformAgentMinecraftForge for SecureJarResource(minecraft)
[23сент.2026 19:27:13.738] [main/DEBUG] [mixin/]: MixinPlatformAgentMinecraftForge rejected container SecureJarResource(minecraft)
[23сент.2026 19:27:13.739] [main/DEBUG] [mixin/]: Instancing new MixinPlatformAgentDefault for SecureJarResource(minecraft)
[23сент.2026 19:27:13.739] [main/DEBUG] [mixin/]: MixinPlatformAgentDefault accepted container SecureJarResource(minecraft)
[23сент.2026 19:27:13.739] [main/DEBUG] [mixin/]: Instancing new FMLMixinPlatformAgent for SecureJarResource(minecraft)
[23сент.2026 19:27:13.739] [main/DEBUG] [mixin/]: FMLMixinPlatformAgent rejected container SecureJarResource(minecraft)
[23сент.2026 19:27:13.739] [main/DEBUG] [mixin/]: Processing prepare() for PlatformAgent[MixinPlatformAgentDefault:SecureJarResource(minecraft)]
[23сент.2026 19:27:13.740] [main/DEBUG] [mixin/]: Adding mixin platform agents for container SecureJarResource(eveportalnether)
[23сент.2026 19:27:13.740] [main/DEBUG] [mixin/]: Instancing new MixinPlatformAgentMinecraftForge for SecureJarResource(eveportalnether)
[23сент.2026 19:27:13.740] [main/DEBUG] [mixin/]: MixinPlatformAgentMinecraftForge rejected container SecureJarResource(eveportalnether)
[23сент.2026 19:27:13.740] [main/DEBUG] [mixin/]: Instancing new MixinPlatformAgentDefault for SecureJarResource(eveportalnether)
[23сент.2026 19:27:13.740] [main/DEBUG] [mixin/]: MixinPlatformAgentDefault accepted container SecureJarResource(eveportalnether)
[23сент.2026 19:27:13.742] [main/DEBUG] [mixin/]: Instancing new FMLMixinPlatformAgent for SecureJarResource(eveportalnether)
[23сент.2026 19:27:13.742] [main/DEBUG] [mixin/]: FMLMixinPlatformAgent rejected container SecureJarResource(eveportalnether)
[23сент.2026 19:27:13.742] [main/DEBUG] [mixin/]: Processing prepare() for PlatformAgent[MixinPlatformAgentDefault:SecureJarResource(eveportalnether)]
[23сент.2026 19:27:13.743] [main/DEBUG] [mixin/]: Adding mixin platform agents for container SecureJarResource(mixinextras.neoforge)
[23сент.2026 19:27:13.743] [main/DEBUG] [mixin/]: Instancing new MixinPlatformAgentMinecraftForge for SecureJarResource(mixinextras.neoforge)
[23сент.2026 19:27:13.743] [main/DEBUG] [mixin/]: MixinPlatformAgentMinecraftForge rejected container SecureJarResource(mixinextras.neoforge)
[23сент.2026 19:27:13.743] [main/DEBUG] [mixin/]: Instancing new MixinPlatformAgentDefault for SecureJarResource(mixinextras.neoforge)
[23сент.2026 19:27:13.743] [main/DEBUG] [mixin/]: MixinPlatformAgentDefault accepted container SecureJarResource(mixinextras.neoforge)
[23сент.2026 19:27:13.743] [main/DEBUG] [mixin/]: Instancing new FMLMixinPlatformAgent for SecureJarResource(mixinextras.neoforge)
[23сент.2026 19:27:13.743] [main/DEBUG] [mixin/]: FMLMixinPlatformAgent rejected container SecureJarResource(mixinextras.neoforge)
[23сент.2026 19:27:13.743] [main/DEBUG] [mixin/]: Processing prepare() for PlatformAgent[MixinPlatformAgentDefault:SecureJarResource(mixinextras.neoforge)]
[23сент.2026 19:27:13.744] [main/DEBUG] [mixin/]: Registering mixin config: mixinextras.init.mixins.json source=SecureJarResource(mixinextras.neoforge)
[23сент.2026 19:27:13.745] [main/DEBUG] [mixin/]: inject() running with 6 agents
[23сент.2026 19:27:13.746] [main/DEBUG] [mixin/]: Processing inject() for PlatformAgent[MixinPlatformAgentDefault:ModLauncher Root Container(ModLauncher:4f56a0a2)]
[23сент.2026 19:27:13.746] [main/DEBUG] [mixin/]: Processing inject() for PlatformAgent[MixinPlatformAgentDefault:net.neoforged.fml.loading.mixin.FMLMixinContainerHandle@1763992e]
[23сент.2026 19:27:13.746] [main/DEBUG] [mixin/]: Processing inject() for PlatformAgent[FMLMixinPlatformAgent:null]
[23сент.2026 19:27:13.746] [main/DEBUG] [mixin/]: Processing inject() for PlatformAgent[MixinPlatformAgentDefault:SecureJarResource(mixin_synthetic)]
[23сент.2026 19:27:13.746] [main/DEBUG] [mixin/]: Processing inject() for PlatformAgent[MixinPlatformAgentDefault:SecureJarResource(minecraft)]
[23сент.2026 19:27:13.746] [main/DEBUG] [mixin/]: Processing inject() for PlatformAgent[MixinPlatformAgentDefault:SecureJarResource(eveportalnether)]
[23сент.2026 19:27:13.746] [main/DEBUG] [mixin/]: Processing inject() for PlatformAgent[MixinPlatformAgentDefault:SecureJarResource(mixinextras.neoforge)]
[23сент.2026 19:27:13.747] [main/INFO] [cpw.mods.modlauncher.LaunchServiceHandler/MODLAUNCHER]: Launching target 'forgeserverdev' with arguments [--gameDir, ., --nogui]
[23сент.2026 19:27:13.804] [main/DEBUG] [mixin/]: Preparing mixins for MixinEnvironment[DEFAULT]
[23сент.2026 19:27:13.805] [main/DEBUG] [mixin/]: Selecting config neoforge.mixins.json
[23сент.2026 19:27:13.807] [main/DEBUG] [mixin/]: Selecting config mixinextras.init.mixins.json
[23сент.2026 19:27:13.831] [main/DEBUG] [MixinExtras|Service/]: com.llamalad7.mixinextras.service.MixinExtrasServiceImpl(version=0.5.3) is taking over from null
[23сент.2026 19:27:13.848] [main/DEBUG] [mixin/]: Registering new injector for @Inject with org.spongepowered.asm.mixin.injection.struct.CallbackInjectionInfo
[23сент.2026 19:27:13.849] [main/DEBUG] [mixin/]: Registering new injector for @ModifyArg with org.spongepowered.asm.mixin.injection.struct.ModifyArgInjectionInfo
[23сент.2026 19:27:13.850] [main/DEBUG] [mixin/]: Registering new injector for @ModifyArgs with org.spongepowered.asm.mixin.injection.struct.ModifyArgsInjectionInfo
[23сент.2026 19:27:13.850] [main/DEBUG] [mixin/]: Registering new injector for @Redirect with org.spongepowered.asm.mixin.injection.struct.RedirectInjectionInfo
[23сент.2026 19:27:13.851] [main/DEBUG] [mixin/]: Registering new injector for @ModifyVariable with org.spongepowered.asm.mixin.injection.struct.ModifyVariableInjectionInfo
[23сент.2026 19:27:13.852] [main/DEBUG] [mixin/]: Registering new injector for @ModifyConstant with org.spongepowered.asm.mixin.injection.struct.ModifyConstantInjectionInfo
[23сент.2026 19:27:13.857] [main/DEBUG] [mixin/]: Preparing neoforge.mixins.json (2)
[23сент.2026 19:27:13.885] [main/DEBUG] [mixin/]: Preparing mixinextras.init.mixins.json (0)
[23сент.2026 19:27:13.896] [main/DEBUG] [io.netty.util.internal.logging.InternalLoggerFactory/]: Using SLF4J as the default logging framework
[23сент.2026 19:27:13.898] [main/DEBUG] [io.netty.util.ResourceLeakDetector/]: -Dio.netty.leakDetection.level: simple
[23сент.2026 19:27:13.898] [main/DEBUG] [io.netty.util.ResourceLeakDetector/]: -Dio.netty.leakDetection.targetRecords: 4
[23сент.2026 19:27:13.990] [main/DEBUG] [oshi.util.FileUtil/]: No oshi.properties file found from ClassLoader cpw.mods.modlauncher.TransformingClassLoader@61799544
[23сент.2026 19:27:14.391] [main/DEBUG] [oshi.util.FileUtil/]: No oshi.architecture.properties file found from ClassLoader cpw.mods.modlauncher.TransformingClassLoader@61799544
[23сент.2026 19:27:15.271] [main/INFO] [MixinExtras|Service/]: Initializing MixinExtras via com.llamalad7.mixinextras.service.MixinExtrasServiceImpl(version=0.5.3).
[23сент.2026 19:27:15.271] [main/DEBUG] [mixin/]: Registering new injector for @SugarWrapper with com.llamalad7.mixinextras.sugar.impl.SugarWrapperInjectionInfo
[23сент.2026 19:27:15.271] [main/DEBUG] [mixin/]: Registering new injector for @FactoryRedirectWrapper with com.llamalad7.mixinextras.wrapper.factory.FactoryRedirectWrapperInjectionInfo
[23сент.2026 19:27:15.272] [main/DEBUG] [mixin/]: Registering new injector for @ExpressionInjectorWrapper with com.llamalad7.mixinextras.expression.impl.wrapper.ExpressionInjectorWrapperInjectionInfo
[23сент.2026 19:27:15.277] [main/DEBUG] [mixin/]: Mixing MappedRegistryAccessor from neoforge.mixins.json into net.minecraft.core.MappedRegistry
[23сент.2026 19:27:15.279] [main/DEBUG] [mixin/]: neoforge.mixins.json:MappedRegistryAccessor from mod neoforge: Class version 65 required is higher than the class version supported by the current version of Mixin (JAVA_16 supports class version 60)
[23сент.2026 19:27:15.958] [main/DEBUG] [mixin/]: Mixing BlockEntityTypeAccessor from neoforge.mixins.json into net.minecraft.world.level.block.entity.BlockEntityType
[23сент.2026 19:27:15.958] [main/DEBUG] [mixin/]: neoforge.mixins.json:BlockEntityTypeAccessor from mod neoforge: Class version 65 required is higher than the class version supported by the current version of Mixin (JAVA_16 supports class version 60)
[23сент.2026 19:27:16.841] [main/DEBUG] [io.netty.util.internal.PlatformDependent0/]: -Dio.netty.noUnsafe: false
[23сент.2026 19:27:16.841] [main/DEBUG] [io.netty.util.internal.PlatformDependent0/]: Java version: 21
[23сент.2026 19:27:16.841] [main/DEBUG] [io.netty.util.internal.PlatformDependent0/]: sun.misc.Unsafe.theUnsafe: available
[23сент.2026 19:27:16.842] [main/DEBUG] [io.netty.util.internal.PlatformDependent0/]: sun.misc.Unsafe.copyMemory: available
[23сент.2026 19:27:16.842] [main/DEBUG] [io.netty.util.internal.PlatformDependent0/]: sun.misc.Unsafe.storeFence: available
[23сент.2026 19:27:16.842] [main/DEBUG] [io.netty.util.internal.PlatformDependent0/]: java.nio.Buffer.address: available
[23сент.2026 19:27:16.842] [main/DEBUG] [io.netty.util.internal.PlatformDependent0/]: direct buffer constructor: unavailable: Reflective setAccessible(true) disabled
[23сент.2026 19:27:16.842] [main/DEBUG] [io.netty.util.internal.PlatformDependent0/]: java.nio.Bits.unaligned: available, true
[23сент.2026 19:27:16.843] [main/DEBUG] [io.netty.util.internal.PlatformDependent0/]: jdk.internal.misc.Unsafe.allocateUninitializedArray(int): unavailable: class io.netty.util.internal.PlatformDependent0$7 (in module io.netty.common) cannot access class jdk.internal.misc.Unsafe (in module java.base) because module java.base does not export jdk.internal.misc to module io.netty.common
[23сент.2026 19:27:16.843] [main/DEBUG] [io.netty.util.internal.PlatformDependent0/]: java.nio.DirectByteBuffer.<init>(long, {int,long}): unavailable
[23сент.2026 19:27:16.843] [main/DEBUG] [io.netty.util.internal.PlatformDependent/]: sun.misc.Unsafe: available
[23сент.2026 19:27:16.843] [main/DEBUG] [io.netty.util.internal.PlatformDependent/]: maxDirectMemory: 4294967296 bytes (maybe)
[23сент.2026 19:27:16.843] [main/DEBUG] [io.netty.util.internal.PlatformDependent/]: -Dio.netty.tmpdir: /var/folders/78/5mcrjnn10f17p27bb8wgpsgr0000gn/T (java.io.tmpdir)
[23сент.2026 19:27:16.843] [main/DEBUG] [io.netty.util.internal.PlatformDependent/]: -Dio.netty.bitMode: 64 (sun.arch.data.model)
[23сент.2026 19:27:16.844] [main/DEBUG] [io.netty.util.internal.PlatformDependent/]: Platform: MacOS
[23сент.2026 19:27:16.844] [main/DEBUG] [io.netty.util.internal.PlatformDependent/]: -Dio.netty.maxDirectMemory: -1 bytes
[23сент.2026 19:27:16.844] [main/DEBUG] [io.netty.util.internal.PlatformDependent/]: -Dio.netty.uninitializedArrayAllocationThreshold: -1
[23сент.2026 19:27:16.845] [main/DEBUG] [io.netty.util.internal.CleanerJava9/]: java.nio.ByteBuffer.cleaner(): available
[23сент.2026 19:27:16.845] [main/DEBUG] [io.netty.util.internal.PlatformDependent/]: -Dio.netty.noPreferDirect: false
[23сент.2026 19:27:18.813] [main/WARN] [net.minecraft.commands.Commands/]: Ambiguity between arguments [teleport, location] and [teleport, destination] with inputs: [0.1 -0.5 .9, 0 0 0]
[23сент.2026 19:27:18.814] [main/WARN] [net.minecraft.commands.Commands/]: Ambiguity between arguments [teleport, location] and [teleport, targets] with inputs: [0.1 -0.5 .9, 0 0 0]
[23сент.2026 19:27:18.815] [main/WARN] [net.minecraft.commands.Commands/]: Ambiguity between arguments [teleport, destination] and [teleport, targets] with inputs: [Player, 0123, @e, dd12be42-52a9-4a91-a8a1-11c01849e498]
[23сент.2026 19:27:18.816] [main/WARN] [net.minecraft.commands.Commands/]: Ambiguity between arguments [teleport, targets] and [teleport, destination] with inputs: [Player, 0123, dd12be42-52a9-4a91-a8a1-11c01849e498]
[23сент.2026 19:27:18.816] [main/WARN] [net.minecraft.commands.Commands/]: Ambiguity between arguments [teleport, targets, location] and [teleport, targets, destination] with inputs: [0.1 -0.5 .9, 0 0 0]
[23сент.2026 19:27:18.835] [main/DEBUG] [net.neoforged.fml.ModWorkManager/LOADING]: Using 8 threads for parallel mod-loading
[23сент.2026 19:27:18.842] [main/DEBUG] [net.neoforged.fml.javafmlmod.FMLModContainer/LOADING]: Creating FMLModContainer instance for [com.eveportalnether.EvePortalNether]
[23сент.2026 19:27:18.844] [main/DEBUG] [net.neoforged.fml.javafmlmod.FMLModContainer/LOADING]: Creating FMLModContainer instance for [net.neoforged.neoforge.common.NeoForgeMod]
[23сент.2026 19:27:18.854] [modloading-worker-0/DEBUG] [net.neoforged.neoforge.internal.versions.neoforge.NeoForgeVersion/CORE]: Found NeoForge version 21.1.248
[23сент.2026 19:27:18.854] [modloading-worker-0/DEBUG] [net.neoforged.neoforge.internal.versions.neoforge.NeoForgeVersion/CORE]: Found FML version 4.0.43
[23сент.2026 19:27:18.854] [modloading-worker-0/INFO] [net.neoforged.neoforge.common.NeoForgeMod/NEOFORGE-MOD]: NeoForge mod loading, version 21.1.248, for MC 1.21.1
[23сент.2026 19:27:18.863] [modloading-worker-0/DEBUG] [net.neoforged.fml.config.ConfigTracker/CONFIG]: Config file eveportalnether-common.toml for eveportalnether tracking
[23сент.2026 19:27:18.863] [modloading-worker-0/DEBUG] [net.neoforged.fml.config.ConfigTracker/CONFIG]: Config file neoforge-client.toml for neoforge tracking
[23сент.2026 19:27:18.863] [modloading-worker-0/DEBUG] [net.neoforged.fml.javafmlmod.AutomaticEventSubscriber/LOADING]: Attempting to inject @EventBusSubscriber classes into the eventbus for eveportalnether
[23сент.2026 19:27:18.863] [modloading-worker-0/DEBUG] [net.neoforged.fml.config.ConfigTracker/CONFIG]: Config file neoforge-server.toml for neoforge tracking
[23сент.2026 19:27:18.863] [modloading-worker-0/DEBUG] [net.neoforged.fml.config.ConfigTracker/CONFIG]: Config file neoforge-common.toml for neoforge tracking
[23сент.2026 19:27:18.863] [modloading-worker-0/DEBUG] [net.neoforged.fml.javafmlmod.AutomaticEventSubscriber/LOADING]: Scanning class com.eveportalnether.command.ModCommands for @SubscribeEvent-annotated methods
[23сент.2026 19:27:18.864] [modloading-worker-0/DEBUG] [net.neoforged.fml.javafmlmod.AutomaticEventSubscriber/]: Subscribing @EventBusSubscriber class Lcom/eveportalnether/command/ModCommands; to the game event bus
[23сент.2026 19:27:18.864] [modloading-worker-0/DEBUG] [net.neoforged.fml.javafmlmod.AutomaticEventSubscriber/LOADING]: Scanning class com.eveportalnether.events.PortalEventHandler for @SubscribeEvent-annotated methods
[23сент.2026 19:27:18.865] [modloading-worker-0/DEBUG] [net.neoforged.fml.javafmlmod.AutomaticEventSubscriber/]: Subscribing @EventBusSubscriber class Lcom/eveportalnether/events/PortalEventHandler; to the game event bus
[23сент.2026 19:27:18.865] [modloading-worker-0/DEBUG] [net.neoforged.fml.javafmlmod.AutomaticEventSubscriber/LOADING]: Scanning class com.eveportalnether.events.PortalTickHandler for @SubscribeEvent-annotated methods
[23сент.2026 19:27:18.865] [modloading-worker-0/DEBUG] [net.neoforged.fml.javafmlmod.AutomaticEventSubscriber/]: Subscribing @EventBusSubscriber class Lcom/eveportalnether/events/PortalTickHandler; to the game event bus
[23сент.2026 19:27:18.881] [modloading-worker-0/DEBUG] [net.neoforged.fml.javafmlmod.AutomaticEventSubscriber/LOADING]: Attempting to inject @EventBusSubscriber classes into the eventbus for neoforge
[23сент.2026 19:27:18.882] [modloading-worker-0/DEBUG] [net.neoforged.fml.javafmlmod.AutomaticEventSubscriber/LOADING]: Scanning class net.neoforged.neoforge.network.filters.GenericPacketSplitter for @SubscribeEvent-annotated methods
[23сент.2026 19:27:18.897] [modloading-worker-0/DEBUG] [io.netty.buffer.AbstractByteBuf/]: -Dio.netty.buffer.checkAccessible: true
[23сент.2026 19:27:18.897] [modloading-worker-0/DEBUG] [io.netty.buffer.AbstractByteBuf/]: -Dio.netty.buffer.checkBounds: true
[23сент.2026 19:27:18.898] [modloading-worker-0/DEBUG] [io.netty.util.ResourceLeakDetectorFactory/]: Loaded default ResourceLeakDetector: io.netty.util.ResourceLeakDetector@6954ea4c
[23сент.2026 19:27:18.903] [modloading-worker-0/DEBUG] [io.netty.util.internal.InternalThreadLocalMap/]: -Dio.netty.threadLocalMap.stringBuilder.initialSize: 1024
[23сент.2026 19:27:18.903] [modloading-worker-0/DEBUG] [io.netty.util.internal.InternalThreadLocalMap/]: -Dio.netty.threadLocalMap.stringBuilder.maxSize: 4096
[23сент.2026 19:27:18.905] [modloading-worker-0/DEBUG] [io.netty.buffer.PooledByteBufAllocator/]: -Dio.netty.allocator.numHeapArenas: 16
[23сент.2026 19:27:18.905] [modloading-worker-0/DEBUG] [io.netty.buffer.PooledByteBufAllocator/]: -Dio.netty.allocator.numDirectArenas: 16
[23сент.2026 19:27:18.905] [modloading-worker-0/DEBUG] [io.netty.buffer.PooledByteBufAllocator/]: -Dio.netty.allocator.pageSize: 8192
[23сент.2026 19:27:18.905] [modloading-worker-0/DEBUG] [io.netty.buffer.PooledByteBufAllocator/]: -Dio.netty.allocator.maxOrder: 9
[23сент.2026 19:27:18.905] [modloading-worker-0/DEBUG] [io.netty.buffer.PooledByteBufAllocator/]: -Dio.netty.allocator.chunkSize: 4194304
[23сент.2026 19:27:18.905] [modloading-worker-0/DEBUG] [io.netty.buffer.PooledByteBufAllocator/]: -Dio.netty.allocator.smallCacheSize: 256
[23сент.2026 19:27:18.905] [modloading-worker-0/DEBUG] [io.netty.buffer.PooledByteBufAllocator/]: -Dio.netty.allocator.normalCacheSize: 64
[23сент.2026 19:27:18.905] [modloading-worker-0/DEBUG] [io.netty.buffer.PooledByteBufAllocator/]: -Dio.netty.allocator.maxCachedBufferCapacity: 32768
[23сент.2026 19:27:18.905] [modloading-worker-0/DEBUG] [io.netty.buffer.PooledByteBufAllocator/]: -Dio.netty.allocator.cacheTrimInterval: 8192
[23сент.2026 19:27:18.905] [modloading-worker-0/DEBUG] [io.netty.buffer.PooledByteBufAllocator/]: -Dio.netty.allocator.cacheTrimIntervalMillis: 0
[23сент.2026 19:27:18.905] [modloading-worker-0/DEBUG] [io.netty.buffer.PooledByteBufAllocator/]: -Dio.netty.allocator.useCacheForAllThreads: false
[23сент.2026 19:27:18.905] [modloading-worker-0/DEBUG] [io.netty.buffer.PooledByteBufAllocator/]: -Dio.netty.allocator.maxCachedByteBuffersPerChunk: 1023
[23сент.2026 19:27:18.909] [modloading-worker-0/DEBUG] [io.netty.buffer.ByteBufUtil/]: -Dio.netty.allocator.type: pooled
[23сент.2026 19:27:18.909] [modloading-worker-0/DEBUG] [io.netty.buffer.ByteBufUtil/]: -Dio.netty.threadLocalDirectBufferSize: 0
[23сент.2026 19:27:18.909] [modloading-worker-0/DEBUG] [io.netty.buffer.ByteBufUtil/]: -Dio.netty.maxThreadLocalCharBufferSize: 16384
[23сент.2026 19:27:18.913] [modloading-worker-0/DEBUG] [net.neoforged.fml.javafmlmod.AutomaticEventSubscriber/]: Subscribing @EventBusSubscriber class Lnet/neoforged/neoforge/network/filters/GenericPacketSplitter; to the mod event bus of mod neoforge
[23сент.2026 19:27:18.914] [modloading-worker-0/DEBUG] [net.neoforged.fml.javafmlmod.AutomaticEventSubscriber/LOADING]: Scanning class net.neoforged.neoforge.network.NetworkInitialization for @SubscribeEvent-annotated methods
[23сент.2026 19:27:18.915] [modloading-worker-0/DEBUG] [net.neoforged.fml.javafmlmod.AutomaticEventSubscriber/]: Subscribing @EventBusSubscriber class Lnet/neoforged/neoforge/network/NetworkInitialization; to the mod event bus of mod neoforge
[23сент.2026 19:27:18.915] [modloading-worker-0/DEBUG] [net.neoforged.fml.javafmlmod.AutomaticEventSubscriber/LOADING]: Scanning class net.neoforged.neoforge.network.ConfigurationInitialization for @SubscribeEvent-annotated methods
[23сент.2026 19:27:18.916] [modloading-worker-0/DEBUG] [net.neoforged.fml.javafmlmod.AutomaticEventSubscriber/]: Subscribing @EventBusSubscriber class Lnet/neoforged/neoforge/network/ConfigurationInitialization; to the mod event bus of mod neoforge
[23сент.2026 19:27:18.917] [modloading-worker-0/DEBUG] [net.neoforged.fml.javafmlmod.AutomaticEventSubscriber/LOADING]: Scanning class net.neoforged.neoforge.common.MonsterRoomHooks for @SubscribeEvent-annotated methods
[23сент.2026 19:27:18.917] [modloading-worker-0/DEBUG] [net.neoforged.fml.javafmlmod.AutomaticEventSubscriber/]: Subscribing @EventBusSubscriber class Lnet/neoforged/neoforge/common/MonsterRoomHooks; to the game event bus
[23сент.2026 19:27:18.917] [modloading-worker-0/DEBUG] [net.neoforged.fml.javafmlmod.AutomaticEventSubscriber/LOADING]: Scanning class net.neoforged.neoforge.common.DeferredSpawnEggItem$CommonHandler for @SubscribeEvent-annotated methods
[23сент.2026 19:27:18.918] [modloading-worker-0/DEBUG] [net.neoforged.fml.javafmlmod.AutomaticEventSubscriber/]: Subscribing @EventBusSubscriber class Lnet/neoforged/neoforge/common/DeferredSpawnEggItem$CommonHandler; to the mod event bus of mod neoforge
[23сент.2026 19:27:18.918] [modloading-worker-0/DEBUG] [net.neoforged.fml.javafmlmod.AutomaticEventSubscriber/LOADING]: Scanning class net.neoforged.neoforge.attachment.AttachmentSync for @SubscribeEvent-annotated methods
[23сент.2026 19:27:18.920] [modloading-worker-0/DEBUG] [net.neoforged.fml.javafmlmod.AutomaticEventSubscriber/]: Subscribing @EventBusSubscriber class Lnet/neoforged/neoforge/attachment/AttachmentSync; to the game event bus
[23сент.2026 19:27:18.920] [modloading-worker-0/DEBUG] [net.neoforged.fml.javafmlmod.AutomaticEventSubscriber/LOADING]: Scanning class net.neoforged.neoforge.attachment.AttachmentInternals for @SubscribeEvent-annotated methods
[23сент.2026 19:27:18.920] [modloading-worker-0/DEBUG] [net.neoforged.fml.javafmlmod.AutomaticEventSubscriber/]: Subscribing @EventBusSubscriber class Lnet/neoforged/neoforge/attachment/AttachmentInternals; to the game event bus
[23сент.2026 19:27:18.990] [modloading-sync-worker/DEBUG] [net.neoforged.fml.config.ConfigTracker/CONFIG]: Loading configs type COMMON
[23сент.2026 19:27:18.997] [modloading-sync-worker/DEBUG] [net.neoforged.fml.config.ConfigTracker/CONFIG]: Loaded TOML config file /Users/poligorn/Проекты/ASI Project/Minecraft Mods/Eve Portal Nether/run/config/eveportalnether-common.toml
[23сент.2026 19:27:19.001] [modloading-sync-worker/DEBUG] [net.neoforged.fml.config.ConfigTracker/CONFIG]: Watching TOML config file /Users/poligorn/Проекты/ASI Project/Minecraft Mods/Eve Portal Nether/run/config/eveportalnether-common.toml for changes
[23сент.2026 19:27:19.003] [modloading-sync-worker/DEBUG] [net.neoforged.neoforge.common.NeoForgeConfig/FORGEMOD]: Loaded NeoForge config file neoforge-common.toml
[23сент.2026 19:27:19.003] [modloading-sync-worker/DEBUG] [net.neoforged.fml.config.ConfigTracker/CONFIG]: Loaded TOML config file /Users/poligorn/Проекты/ASI Project/Minecraft Mods/Eve Portal Nether/run/config/neoforge-common.toml
[23сент.2026 19:27:19.003] [modloading-sync-worker/DEBUG] [net.neoforged.fml.config.ConfigTracker/CONFIG]: Watching TOML config file /Users/poligorn/Проекты/ASI Project/Minecraft Mods/Eve Portal Nether/run/config/neoforge-common.toml for changes
[23сент.2026 19:27:19.004] [modloading-worker-0/INFO] [com.eveportalnether.EvePortalNether/]: HELLO FROM COMMON SETUP
[23сент.2026 19:27:19.005] [modloading-sync-worker/DEBUG] [net.neoforged.fml.DeferredWorkQueue/LOADING]: Dispatching synchronous work for work queue Common setup: 1 jobs
[23сент.2026 19:27:19.007] [modloading-sync-worker/DEBUG] [net.neoforged.fml.DeferredWorkQueue/LOADING]: Synchronous work queue completed in 569.3 μs
[23сент.2026 19:27:19.045] [main/ERROR] [net.minecraft.server.dedicated.Settings/]: Failed to load properties from file: server.properties
java.nio.file.NoSuchFileException: server.properties
	at java.base/sun.nio.fs.UnixException.translateToIOException(UnixException.java:92) ~[?:?]
	at java.base/sun.nio.fs.UnixException.rethrowAsIOException(UnixException.java:106) ~[?:?]
	at java.base/sun.nio.fs.UnixException.rethrowAsIOException(UnixException.java:111) ~[?:?]
	at java.base/sun.nio.fs.UnixFileSystemProvider.newByteChannel(UnixFileSystemProvider.java:261) ~[?:?]
	at java.base/java.nio.file.Files.newByteChannel(Files.java:379) ~[?:?]
	at java.base/java.nio.file.Files.newByteChannel(Files.java:431) ~[?:?]
	at java.base/java.nio.file.spi.FileSystemProvider.newInputStream(FileSystemProvider.java:420) ~[?:?]
	at java.base/java.nio.file.Files.newInputStream(Files.java:159) ~[?:?]
	at TRANSFORMER/minecraft@1.21.1/net.minecraft.server.dedicated.Settings.loadFromFile(Settings.java:38) ~[neoforge-21.1.248.jar%23125!/:?]
	at TRANSFORMER/minecraft@1.21.1/net.minecraft.server.dedicated.DedicatedServerProperties.fromFile(DedicatedServerProperties.java:132) ~[neoforge-21.1.248.jar%23125!/:?]
	at TRANSFORMER/minecraft@1.21.1/net.minecraft.server.dedicated.DedicatedServerSettings.<init>(DedicatedServerSettings.java:12) ~[neoforge-21.1.248.jar%23125!/:?]
	at TRANSFORMER/minecraft@1.21.1/net.minecraft.server.Main.main(Main.java:125) ~[neoforge-21.1.248.jar%23125!/:?]
	at java.base/jdk.internal.reflect.DirectMethodHandleAccessor.invoke(DirectMethodHandleAccessor.java:103) ~[?:?]
	at java.base/java.lang.reflect.Method.invoke(Method.java:580) ~[?:?]
	at MC-BOOTSTRAP/fml_loader@4.0.43/net.neoforged.fml.loading.targets.CommonLaunchHandler.runTarget(CommonLaunchHandler.java:136) ~[loader-4.0.43.jar%23102!/:4.0]
	at MC-BOOTSTRAP/fml_loader@4.0.43/net.neoforged.fml.loading.targets.CommonLaunchHandler.serverService(CommonLaunchHandler.java:128) ~[loader-4.0.43.jar%23102!/:4.0]
	at MC-BOOTSTRAP/fml_loader@4.0.43/net.neoforged.fml.loading.targets.NeoForgeServerDevLaunchHandler.runService(NeoForgeServerDevLaunchHandler.java:23) ~[loader-4.0.43.jar%23102!/:4.0]
	at MC-BOOTSTRAP/fml_loader@4.0.43/net.neoforged.fml.loading.targets.CommonLaunchHandler.lambda$launchService$4(CommonLaunchHandler.java:118) ~[loader-4.0.43.jar%23102!/:4.0]
	at MC-BOOTSTRAP/cpw.mods.modlauncher@11.0.5/cpw.mods.modlauncher.LaunchServiceHandlerDecorator.launch(LaunchServiceHandlerDecorator.java:30) [modlauncher-11.0.5.jar%2382!/:?]
	at MC-BOOTSTRAP/cpw.mods.modlauncher@11.0.5/cpw.mods.modlauncher.LaunchServiceHandler.launch(LaunchServiceHandler.java:53) [modlauncher-11.0.5.jar%2382!/:?]
	at MC-BOOTSTRAP/cpw.mods.modlauncher@11.0.5/cpw.mods.modlauncher.LaunchServiceHandler.launch(LaunchServiceHandler.java:71) [modlauncher-11.0.5.jar%2382!/:?]
	at MC-BOOTSTRAP/cpw.mods.modlauncher@11.0.5/cpw.mods.modlauncher.Launcher.run(Launcher.java:103) [modlauncher-11.0.5.jar%2382!/:?]
	at MC-BOOTSTRAP/cpw.mods.modlauncher@11.0.5/cpw.mods.modlauncher.Launcher.main(Launcher.java:74) [modlauncher-11.0.5.jar%2382!/:?]
	at MC-BOOTSTRAP/cpw.mods.modlauncher@11.0.5/cpw.mods.modlauncher.BootstrapLaunchConsumer.accept(BootstrapLaunchConsumer.java:26) [modlauncher-11.0.5.jar%2382!/:?]
	at MC-BOOTSTRAP/cpw.mods.modlauncher@11.0.5/cpw.mods.modlauncher.BootstrapLaunchConsumer.accept(BootstrapLaunchConsumer.java:23) [modlauncher-11.0.5.jar%2382!/:?]
	at cpw.mods.bootstraplauncher@2.0.2/cpw.mods.bootstraplauncher.BootstrapLauncher.run(BootstrapLauncher.java:210) [bootstraplauncher-2.0.2.jar:?]
	at cpw.mods.bootstraplauncher@2.0.2/cpw.mods.bootstraplauncher.BootstrapLauncher.main(BootstrapLauncher.java:69) [bootstraplauncher-2.0.2.jar:?]
	at java.base/jdk.internal.reflect.DirectMethodHandleAccessor.invoke(DirectMethodHandleAccessor.java:103) ~[?:?]
	at java.base/java.lang.reflect.Method.invoke(Method.java:580) ~[?:?]
	at net.neoforged.devlaunch.Main.main(Main.java:57) [DevLaunch-1.0.2.jar:?]
[23сент.2026 19:27:19.063] [main/INFO] [com.mojang.authlib.yggdrasil.YggdrasilAuthenticationService/]: Environment: Environment[sessionHost=https://sessionserver.mojang.com, servicesHost=https://api.minecraftservices.com, name=PROD]
[23сент.2026 19:27:19.114] [main/WARN] [net.minecraft.server.packs.VanillaPackResourcesBuilder/]: Assets URL 'union:/Users/poligorn/Проекты/ASI%20Project/Minecraft%20Mods/Eve%20Portal%20Nether/build/moddev/artifacts/neoforge-21.1.248.jar%23125!/assets/.mcassetsroot' uses unexpected schema
[23сент.2026 19:27:19.114] [main/WARN] [net.minecraft.server.packs.VanillaPackResourcesBuilder/]: Assets URL 'union:/Users/poligorn/Проекты/ASI%20Project/Minecraft%20Mods/Eve%20Portal%20Nether/build/moddev/artifacts/neoforge-21.1.248.jar%23125!/data/.mcassetsroot' uses unexpected schema
[23сент.2026 19:27:19.526] [main/INFO] [net.minecraft.server.Main/]: No existing world data, creating new world
[23сент.2026 19:27:19.823] [main/INFO] [net.minecraft.world.item.crafting.RecipeManager/]: Loaded 1290 recipes
[23сент.2026 19:27:19.931] [main/INFO] [net.minecraft.advancements.AdvancementTree/]: Loaded 1399 advancements
[23сент.2026 19:27:20.271] [main/DEBUG] [net.neoforged.neoforge.common.CommonHooks/WP]: Gathered mod list to write to world save world
[23сент.2026 19:27:20.293] [Server thread/INFO] [net.minecraft.server.dedicated.DedicatedServer/]: Starting minecraft server version 1.21.1
[23сент.2026 19:27:20.294] [Server thread/INFO] [net.minecraft.server.dedicated.DedicatedServer/]: Loading properties
[23сент.2026 19:27:20.294] [Server thread/INFO] [net.minecraft.server.dedicated.DedicatedServer/]: Default game type: SURVIVAL
[23сент.2026 19:27:20.294] [Server thread/INFO] [net.minecraft.server.MinecraftServer/]: Generating keypair
[23сент.2026 19:27:20.397] [Server thread/INFO] [net.minecraft.server.dedicated.DedicatedServer/]: Starting Minecraft server on *:25565
[23сент.2026 19:27:20.397] [Server thread/DEBUG] [net.neoforged.neoforge.network.DualStackUtils/]: Detected IPv6 address: "0:0:0:0:0:0:0:0"
[23сент.2026 19:27:20.406] [Server thread/DEBUG] [io.netty.channel.MultithreadEventLoopGroup/]: -Dio.netty.eventLoopThreads: 16
[23сент.2026 19:27:20.410] [Server thread/DEBUG] [io.netty.util.concurrent.GlobalEventExecutor/]: -Dio.netty.globalEventExecutor.quietPeriodSeconds: 1
[23сент.2026 19:27:20.415] [Server thread/DEBUG] [io.netty.channel.nio.NioEventLoop/]: -Dio.netty.noKeySetOptimization: false
[23сент.2026 19:27:20.415] [Server thread/DEBUG] [io.netty.channel.nio.NioEventLoop/]: -Dio.netty.selectorAutoRebuildThreshold: 512
[23сент.2026 19:27:20.419] [Server thread/DEBUG] [io.netty.util.internal.PlatformDependent/]: org.jctools-core.MpscChunkedArrayQueue: available
[23сент.2026 19:27:20.421] [Server thread/INFO] [net.minecraft.server.network.ServerConnectionListener/]: Using default channel type
[23сент.2026 19:27:20.430] [Server thread/DEBUG] [io.netty.channel.DefaultChannelId/]: -Dio.netty.processId: 27312 (auto-detected)
[23сент.2026 19:27:20.431] [Server thread/DEBUG] [io.netty.util.NetUtil/]: -Djava.net.preferIPv4Stack: false
[23сент.2026 19:27:20.431] [Server thread/DEBUG] [io.netty.util.NetUtil/]: -Djava.net.preferIPv6Addresses: true
[23сент.2026 19:27:20.433] [Server thread/DEBUG] [io.netty.util.NetUtilInitializations/]: Loopback interface: lo0 (lo0, 0:0:0:0:0:0:0:1%lo0)
[23сент.2026 19:27:20.435] [Server thread/DEBUG] [io.netty.util.NetUtil/]: Failed to get SOMAXCONN from sysctl and file /proc/sys/net/core/somaxconn. Default: 128
[23сент.2026 19:27:20.436] [Server thread/DEBUG] [io.netty.channel.DefaultChannelId/]: -Dio.netty.machineId: 56:90:9b:ff:fe:f3:a4:18 (auto-detected)
[23сент.2026 19:27:20.448] [Server thread/WARN] [net.minecraft.server.dedicated.DedicatedServer/]: **** SERVER IS RUNNING IN OFFLINE/INSECURE MODE!
[23сент.2026 19:27:20.448] [Server thread/WARN] [net.minecraft.server.dedicated.DedicatedServer/]: The server will make no attempt to authenticate usernames. Beware.
[23сент.2026 19:27:20.448] [Server thread/WARN] [net.minecraft.server.dedicated.DedicatedServer/]: While this makes the game possible to play without internet access, it also opens up the ability for hackers to connect with any username they choose.
[23сент.2026 19:27:20.448] [Server thread/WARN] [net.minecraft.server.dedicated.DedicatedServer/]: To change this, set "online-mode" to "true" in the server.properties file.
[23сент.2026 19:27:20.458] [Server thread/DEBUG] [net.neoforged.fml.config.ConfigTracker/CONFIG]: Loading configs type SERVER
[23сент.2026 19:27:20.459] [Server thread/DEBUG] [net.neoforged.neoforge.common.NeoForgeConfig/FORGEMOD]: Loaded NeoForge config file neoforge-server.toml
[23сент.2026 19:27:20.459] [Server thread/DEBUG] [net.neoforged.fml.config.ConfigTracker/CONFIG]: Loaded TOML config file /Users/poligorn/Проекты/ASI Project/Minecraft Mods/Eve Portal Nether/run/config/neoforge-server.toml
[23сент.2026 19:27:20.460] [Server thread/DEBUG] [net.neoforged.fml.config.ConfigTracker/CONFIG]: Watching TOML config file /Users/poligorn/Проекты/ASI Project/Minecraft Mods/Eve Portal Nether/run/config/neoforge-server.toml for changes
[23сент.2026 19:27:20.473] [Server thread/INFO] [net.minecraft.server.dedicated.DedicatedServer/]: Preparing level "world"
[23сент.2026 19:27:21.519] [FileWatcher-1-thread-1/DEBUG] [net.neoforged.fml.config.ConfigWatcher/CONFIG]: Config file neoforge-server.toml changed, re-loading
[23сент.2026 19:27:21.521] [FileWatcher-1-thread-1/DEBUG] [net.neoforged.neoforge.common.NeoForgeConfig/FORGEMOD]: NeoForge config just got changed on the file system!
[23сент.2026 19:27:23.377] [Server thread/INFO] [net.minecraft.server.MinecraftServer/]: Preparing start region for dimension minecraft:overworld
[23сент.2026 19:27:23.397] [worldgen/INFO] [net.minecraft.server.level.progress.LoggerChunkProgressListener/]: Preparing spawn area: 2%
[23сент.2026 19:27:23.930] [worldgen/INFO] [net.minecraft.server.level.progress.LoggerChunkProgressListener/]: Preparing spawn area: 2%
[23сент.2026 19:27:24.380] [worldgen/INFO] [net.minecraft.server.level.progress.LoggerChunkProgressListener/]: Preparing spawn area: 2%
[23сент.2026 19:27:24.880] [worldgen/INFO] [net.minecraft.server.level.progress.LoggerChunkProgressListener/]: Preparing spawn area: 18%
[23сент.2026 19:27:25.418] [worldgen/INFO] [net.minecraft.server.level.progress.LoggerChunkProgressListener/]: Preparing spawn area: 51%
[23сент.2026 19:27:25.879] [worldgen/INFO] [net.minecraft.server.level.progress.LoggerChunkProgressListener/]: Preparing spawn area: 51%
[23сент.2026 19:27:26.054] [Server thread/INFO] [net.minecraft.server.level.progress.LoggerChunkProgressListener/]: Time elapsed: 2678 ms
[23сент.2026 19:27:26.055] [Server thread/INFO] [net.minecraft.server.dedicated.DedicatedServer/]: Done (5.597s)! For help, type "help"
[23сент.2026 19:27:26.059] [Server thread/DEBUG] [net.neoforged.neoforge.network.DualStackUtils/]: Detected IPv6 address: "0:0:0:0:0:0:0:0"
[23сент.2026 19:27:26.066] [LanServerPinger #1/WARN] [net.minecraft.client.server.LanServerPinger/]: LanServerPinger: No route to host
[23сент.2026 19:27:26.074] [Server thread/DEBUG] [net.neoforged.neoforge.server.LanguageHook/]: Loaded 4 language files for en_us
[23сент.2026 19:27:26.078] [Server thread/INFO] [net.neoforged.neoforge.gametest.GameTestHooks/]: Enabled Gametest Namespaces: [eveportalnether]
[23сент.2026 19:27:26.081] [Server thread/INFO] [net.neoforged.neoforge.server.permission.PermissionAPI/]: Successfully initialized permission handler neoforge:default_handler
[23сент.2026 19:27:26.082] [Server thread/INFO] [com.eveportalnether.EvePortalNether/]: HELLO from server starting
[23сент.2026 19:32:26.084] [Server thread/DEBUG] [net.neoforged.neoforge.common.CommonHooks/WP]: Gathered mod list to write to world save world
[23сент.2026 19:35:02.138] [Server thread/INFO] [net.minecraft.server.MinecraftServer/]: Stopping server
[23сент.2026 19:35:02.142] [Server thread/INFO] [net.minecraft.server.MinecraftServer/]: Saving players
[23сент.2026 19:35:02.142] [Server thread/INFO] [net.minecraft.server.MinecraftServer/]: Saving worlds
[23сент.2026 19:35:03.013] [Server thread/INFO] [net.minecraft.server.MinecraftServer/]: Saving chunks for level 'ServerLevel[world]'/minecraft:overworld
[23сент.2026 19:35:03.227] [Server thread/INFO] [net.minecraft.server.MinecraftServer/]: Saving chunks for level 'ServerLevel[world]'/minecraft:the_nether
[23сент.2026 19:35:03.239] [Server thread/INFO] [net.minecraft.server.MinecraftServer/]: Saving chunks for level 'ServerLevel[world]'/minecraft:the_end
[23сент.2026 19:35:03.252] [Server thread/DEBUG] [net.neoforged.neoforge.common.CommonHooks/WP]: Gathered mod list to write to world save world
[23сент.2026 19:35:03.256] [Server thread/INFO] [net.minecraft.server.MinecraftServer/]: ThreadedAnvilChunkStorage (world): All chunks are saved
[23сент.2026 19:35:03.256] [Server thread/INFO] [net.minecraft.server.MinecraftServer/]: ThreadedAnvilChunkStorage (DIM-1): All chunks are saved
[23сент.2026 19:35:03.256] [Server thread/INFO] [net.minecraft.server.MinecraftServer/]: ThreadedAnvilChunkStorage (DIM1): All chunks are saved
[23сент.2026 19:35:03.256] [Server thread/INFO] [net.minecraft.server.MinecraftServer/]: ThreadedAnvilChunkStorage: All dimensions are saved
[23сент.2026 19:35:03.309] [Server thread/DEBUG] [net.neoforged.fml.config.ConfigTracker/CONFIG]: Unloading configs type SERVER
